2026.09.19 17:58:42 INFO  Started: Metals version 1.6.9 in folders 'C:\Users\ruben\Documents\GitHub\practica-scala\parte3\parte3-1-vscode\torneo-twenty-one' for client Visual Studio Code 1.138.0.
2026.09.19 17:58:42 INFO  Memory monitor started
2026.09.19 17:58:42 WARN  Using H2 2.5.250 which is newer than the version Flyway has been verified with. The latest verified version of H2 is 2.3.232.
2026.09.19 17:58:43 INFO  no build target found for C:\Users\ruben\Documents\GitHub\practica-scala\parte3\parte3-1-vscode\torneo-twenty-one\src\main\scala\Main.scala. Using presentation compiler with project's scala-library version: 3.3.8
2026.09.19 17:58:45 INFO  no build target found for C:\Users\ruben\Documents\GitHub\practica-scala\parte3\parte3-1-vscode\torneo-twenty-one\build.sbt. Using presentation compiler with project's scala-library version: 3.3.8
2026.09.19 17:58:45 INFO  no build target found for C:\Users\ruben\Documents\GitHub\practica-scala\parte3\parte3-1-vscode\torneo-twenty-one\build.sbt. Using presentation compiler with project's scala-library version: 3.3.8
2026.09.19 17:58:45 INFO  no build target found for C:\Users\ruben\Documents\GitHub\practica-scala\parte3\parte3-1-vscode\torneo-twenty-one\src\main\scala\Main.scala. Using presentation compiler with project's scala-library version: 3.3.8
2026.09.19 17:58:47 INFO  no build target found for C:\Users\ruben\Documents\GitHub\practica-scala\parte3\parte3-1-vscode\torneo-twenty-one\build.sbt. Using presentation compiler with project's scala-library version: 3.3.8
2026.09.19 17:58:47 WARN  Could not find semantic tokens for: file:///C:/Users/ruben/Documents/GitHub/practica-scala/parte3/parte3-1-vscode/torneo-twenty-one/build.sbt
2026.09.19 17:58:47 INFO  running 'C:\Users\ruben\AppData\Local\Coursier\cache\arc\https\github.com\adoptium\temurin21-binaries\releases\download\jdk-21.0.12.1%252B1\OpenJDK21U-jdk_x64_windows_hotspot_21.0.12.1_1.zip\jdk-21.0.12.1+1\bin\java.exe -Djline.terminal=jline.UnsupportedTerminal -Dsbt.log.noformat=true -Dfile.encoding=UTF-8 -Dsbt.version=1.13.0 -jar C:\Users\ruben\AppData\Local\Temp\metals14903333884194302218\sbt-launch.jar -Dbloop.export-jar-classifiers=sources -Dbloop.export-meta-build=true bloopInstall'
2026.09.19 17:58:48 WARN  no build target for: C:\Users\ruben\Documents\GitHub\practica-scala\parte3\parte3-1-vscode\torneo-twenty-one\project\metals.sbt
2026.09.19 17:58:48 INFO  no build target found for C:\Users\ruben\Documents\GitHub\practica-scala\parte3\parte3-1-vscode\torneo-twenty-one\project\metals.sbt. Using presentation compiler with project's scala-library version: 3.3.8
2026.09.19 17:58:48 WARN  no build target for: C:\Users\ruben\Documents\GitHub\practica-scala\parte3\parte3-1-vscode\torneo-twenty-one\project\project\metals.sbt
2026.09.19 17:58:48 INFO  no build target found for C:\Users\ruben\Documents\GitHub\practica-scala\parte3\parte3-1-vscode\torneo-twenty-one\build.sbt. Using presentation compiler with project's scala-library version: 3.3.8
2026.09.19 17:58:48 INFO  no build target found for C:\Users\ruben\Documents\GitHub\practica-scala\parte3\parte3-1-vscode\torneo-twenty-one\src\main\scala\Main.scala. Using presentation compiler with project's scala-library version: 3.3.8
2026.09.19 17:58:49 ERROR [info] [launcher] getting org.scala-sbt sbt 1.13.0  (this may take some time)...
2026.09.19 17:58:49 INFO  no build target found for C:\Users\ruben\Documents\GitHub\practica-scala\parte3\parte3-1-vscode\torneo-twenty-one\project\project\metals.sbt. Using presentation compiler with project's scala-library version: 3.3.8
2026.09.19 17:58:48 WARN  Could not find semantic tokens for: file:///C:/Users/ruben/Documents/GitHub/practica-scala/parte3/parte3-1-vscode/torneo-twenty-one/build.sbt
2026.09.19 17:58:52 INFO  no build target found for C:\Users\ruben\Documents\GitHub\practica-scala\parte3\parte3-1-vscode\torneo-twenty-one\build.sbt. Using presentation compiler with project's scala-library version: 3.3.8
2026.09.19 17:58:55 ERROR [info] [launcher] getting Scala 2.12.21 (for sbt)...
2026.09.19 17:58:59 ERROR sbt.internal.ServerAlreadyBootingException: java.io.IOException: Could not create lock for \\.\pipe\sbt-load5707493848025158351_lock, error 5
2026.09.19 17:58:59 INFO  sbt thinks that server is already booting because of this exception:
2026.09.19 17:58:59 ERROR 	at sbt.internal.BootServerSocket.newSocket(BootServerSocket.java:357)
2026.09.19 17:58:59 ERROR 	at sbt.internal.BootServerSocket.<init>(BootServerSocket.java:296)
2026.09.19 17:58:59 ERROR 	at sbt.xMain$.getSocketOrExit(Main.scala:153)
2026.09.19 17:58:59 ERROR 	at sbt.xMain$.bootServerSocket$lzycompute$1(Main.scala:79)
2026.09.19 17:58:59 ERROR 	at sbt.xMain$.bootServerSocket$1(Main.scala:79)
2026.09.19 17:58:59 ERROR 	at sbt.xMain$.withStreams$1(Main.scala:87)
2026.09.19 17:58:59 ERROR 	at sbt.xMain$.run(Main.scala:124)
2026.09.19 17:58:59 ERROR 	at java.base/jdk.internal.reflect.DirectMethodHandleAccessor.invoke(DirectMethodHandleAccessor.java:103)
2026.09.19 17:58:59 ERROR 	at java.base/java.lang.reflect.Method.invoke(Method.java:580)
2026.09.19 17:58:59 ERROR 	at sbt.internal.XMainConfiguration.run(XMainConfiguration.java:59)
2026.09.19 17:58:59 ERROR 	at sbt.xMain.run(Main.scala:48)
2026.09.19 17:58:59 ERROR 	at xsbt.boot.Launch$.$anonfun$run$1(Launch.scala:149)
2026.09.19 17:58:59 ERROR 	at xsbt.boot.Launch$.withContextLoader(Launch.scala:176)
2026.09.19 17:58:59 ERROR 	at xsbt.boot.Launch$.run(Launch.scala:149)
2026.09.19 17:58:59 ERROR 	at xsbt.boot.Launch$.$anonfun$apply$1(Launch.scala:44)
2026.09.19 17:58:59 ERROR 	at xsbt.boot.Launch$.launch(Launch.scala:159)
2026.09.19 17:58:59 ERROR 	at xsbt.boot.Launch$.apply(Launch.scala:44)
2026.09.19 17:58:59 ERROR 	at xsbt.boot.Launch$.apply(Launch.scala:21)
2026.09.19 17:58:59 ERROR 	at xsbt.boot.Boot$.runImpl(Boot.scala:78)
2026.09.19 17:58:59 ERROR 	at xsbt.boot.Boot$.run(Boot.scala:73)
2026.09.19 17:58:59 ERROR 	at xsbt.boot.Boot$.main(Boot.scala:21)
2026.09.19 17:58:59 ERROR 	at xsbt.boot.Boot.main(Boot.scala)
2026.09.19 17:58:59 ERROR Caused by: java.io.IOException: Could not create lock for \\.\pipe\sbt-load5707493848025158351_lock, error 5
2026.09.19 17:58:59 ERROR 	at org.scalasbt.ipcsocket.Win32NamedPipeServerSocket.<init>(Win32NamedPipeServerSocket.java:129)
2026.09.19 17:58:59 ERROR 	at org.scalasbt.ipcsocket.Win32NamedPipeServerSocket.<init>(Win32NamedPipeServerSocket.java:48)
2026.09.19 17:58:59 ERROR 	at sbt.internal.BootServerSocket.newSocket(BootServerSocket.java:351)
2026.09.19 17:58:59 ERROR 	... 21 more
2026.09.19 17:58:59 INFO  time: ran 'sbt bloopInstall' in 11s
2026.09.19 17:58:59 ERROR sbt command failed: C:\Users\ruben\AppData\Local\Coursier\cache\arc\https\github.com\adoptium\temurin21-binaries\releases\download\jdk-21.0.12.1%252B1\OpenJDK21U-jdk_x64_windows_hotspot_21.0.12.1_1.zip\jdk-21.0.12.1+1\bin\java.exe -Djline.terminal=jline.UnsupportedTerminal -Dsbt.log.noformat=true -Dfile.encoding=UTF-8 -Dsbt.version=1.13.0 -jar C:\Users\ruben\AppData\Local\Temp\metals14903333884194302218\sbt-launch.jar -Dbloop.export-jar-classifiers=sources -Dbloop.export-meta-build=true bloopInstall
2026.09.19 17:58:59 INFO  no build target found for C:\Users\ruben\Documents\GitHub\practica-scala\parte3\parte3-1-vscode\torneo-twenty-one\build.sbt. Using presentation compiler with project's scala-library version: 3.3.8
2026.09.19 17:58:59 WARN  no build target for: C:\Users\ruben\Documents\GitHub\practica-scala\parte3\parte3-1-vscode\torneo-twenty-one\src\main\scala\Main.scala
2026.09.19 17:58:59 WARN  no build target for: C:\Users\ruben\Documents\GitHub\practica-scala\parte3\parte3-1-vscode\torneo-twenty-one\build.sbt
2026.09.19 17:58:59 INFO  no build target found for C:\Users\ruben\Documents\GitHub\practica-scala\parte3\parte3-1-vscode\torneo-twenty-one\src\main\scala\Main.scala. Using presentation compiler with project's scala-library version: 3.3.8
2026.09.19 17:58:59 INFO  no build target found for C:\Users\ruben\Documents\GitHub\practica-scala\parte3\parte3-1-vscode\torneo-twenty-one\build.sbt. Using presentation compiler with project's scala-library version: 3.3.8
2026.09.19 17:58:59 INFO  no build target found for C:\Users\ruben\Documents\GitHub\practica-scala\parte3\parte3-1-vscode\torneo-twenty-one\src\main\scala\Main.scala. Using presentation compiler with project's scala-library version: 3.3.8
2026.09.19 17:58:59 WARN  Could not find semantic tokens for: file:///C:/Users/ruben/Documents/GitHub/practica-scala/parte3/parte3-1-vscode/torneo-twenty-one/build.sbt
2026.09.19 17:58:59 INFO  no build target found for C:\Users\ruben\Documents\GitHub\practica-scala\parte3\parte3-1-vscode\torneo-twenty-one\build.sbt. Using presentation compiler with project's scala-library version: 3.3.8
2026.09.19 17:58:59 WARN  Could not find semantic tokens for: file:///C:/Users/ruben/Documents/GitHub/practica-scala/parte3/parte3-1-vscode/torneo-twenty-one/build.sbt
2026.09.19 17:59:01 INFO  time: code lens generation in 1.53s
2026.09.19 17:59:01 INFO  time: code lens generation in 1.53s
2026.09.19 17:59:02 INFO  no build target found for C:\Users\ruben\Documents\GitHub\practica-scala\parte3\parte3-1-vscode\torneo-twenty-one\src\main\scala\Main.scala. Using presentation compiler with project's scala-library version: 3.3.8
2026.09.19 17:59:06 INFO  no build target found for C:\Users\ruben\Documents\GitHub\practica-scala\parte3\parte3-1-vscode\torneo-twenty-one\build.sbt. Using presentation compiler with project's scala-library version: 3.3.8
2026.09.19 17:59:13 INFO  no build target found for C:\Users\ruben\Documents\GitHub\practica-scala\parte3\parte3-1-vscode\torneo-twenty-one\build.sbt. Using presentation compiler with project's scala-library version: 3.3.8
2026.09.19 17:59:15 INFO  no build target found for C:\Users\ruben\Documents\GitHub\practica-scala\parte3\parte3-1-vscode\torneo-twenty-one\build.sbt. Using presentation compiler with project's scala-library version: 3.3.8
2026.09.19 17:59:16 INFO  no build target found for C:\Users\ruben\Documents\GitHub\practica-scala\parte3\parte3-1-vscode\torneo-twenty-one\build.sbt. Using presentation compiler with project's scala-library version: 3.3.8
2026.09.19 17:59:40 INFO  no build target found for C:\Users\ruben\Documents\GitHub\practica-scala\parte3\parte3-1-vscode\torneo-twenty-one\build.sbt. Using presentation compiler with project's scala-library version: 3.3.8
2026.09.19 17:59:40 INFO  no build target found for C:\Users\ruben\Documents\GitHub\practica-scala\parte3\parte3-1-vscode\torneo-twenty-one\build.sbt. Using presentation compiler with project's scala-library version: 3.3.8
2026.09.19 18:00:03 INFO  no build target found for C:\Users\ruben\Documents\GitHub\practica-scala\parte3\parte3-1-vscode\torneo-twenty-one\build.sbt. Using presentation compiler with project's scala-library version: 3.3.8
2026.09.19 18:00:03 INFO  no build target found for C:\Users\ruben\Documents\GitHub\practica-scala\parte3\parte3-1-vscode\torneo-twenty-one\src\main\scala\Main.scala. Using presentation compiler with project's scala-library version: 3.3.8
2026.09.19 18:00:03 WARN  Could not find semantic tokens for: file:///C:/Users/ruben/Documents/GitHub/practica-scala/parte3/parte3-1-vscode/torneo-twenty-one/build.sbt
2026.09.19 18:14:58 INFO  no build target found for C:\Users\ruben\Documents\GitHub\practica-scala\parte3\parte3-1-vscode\torneo-twenty-one\src\main\scala\Main.scala. Using presentation compiler with project's scala-library version: 3.3.8
2026.09.19 18:15:06 INFO  no build target found for C:\Users\ruben\Documents\GitHub\practica-scala\parte3\parte3-1-vscode\torneo-twenty-one\src\main\scala\Main.scala. Using presentation compiler with project's scala-library version: 3.3.8
2026.09.19 18:15:06 INFO  no build target found for C:\Users\ruben\Documents\GitHub\practica-scala\parte3\parte3-1-vscode\torneo-twenty-one\src\main\scala\Main.scala. Using presentation compiler with project's scala-library version: 3.3.8
2026.09.19 18:15:08 INFO  no build target found for C:\Users\ruben\Documents\GitHub\practica-scala\parte3\parte3-1-vscode\torneo-twenty-one\src\main\scala\Main.scala. Using presentation compiler with project's scala-library version: 3.3.8
2026.09.19 18:15:08 INFO  no build target found for C:\Users\ruben\Documents\GitHub\practica-scala\parte3\parte3-1-vscode\torneo-twenty-one\src\main\scala\Main.scala. Using presentation compiler with project's scala-library version: 3.3.8
2026.09.19 18:15:08 INFO  no build target found for C:\Users\ruben\Documents\GitHub\practica-scala\parte3\parte3-1-vscode\torneo-twenty-one\src\main\scala\Main.scala. Using presentation compiler with project's scala-library version: 3.3.8
2026.09.19 18:15:09 INFO  no build target found for C:\Users\ruben\Documents\GitHub\practica-scala\parte3\parte3-1-vscode\torneo-twenty-one\src\main\scala\Main.scala. Using presentation compiler with project's scala-library version: 3.3.8
2026.09.19 18:15:10 WARN  no build target for: C:\Users\ruben\Documents\GitHub\practica-scala\parte3\parte3-1-vscode\torneo-twenty-one\src\main\scala\Main.scala
2026.09.19 18:15:10 INFO  no build target found for C:\Users\ruben\Documents\GitHub\practica-scala\parte3\parte3-1-vscode\torneo-twenty-one\src\main\scala\Main.scala. Using presentation compiler with project's scala-library version: 3.3.8
2026.09.19 18:15:10 INFO  no build target found for C:\Users\ruben\Documents\GitHub\practica-scala\parte3\parte3-1-vscode\torneo-twenty-one\build.sbt. Using presentation compiler with project's scala-library version: 3.3.8
2026.09.19 18:15:09 INFO  no build target found for C:\Users\ruben\Documents\GitHub\practica-scala\parte3\parte3-1-vscode\torneo-twenty-one\src\main\scala\Main.scala. Using presentation compiler with project's scala-library version: 3.3.8
2026.09.19 18:15:10 WARN  Could not find semantic tokens for: file:///C:/Users/ruben/Documents/GitHub/practica-scala/parte3/parte3-1-vscode/torneo-twenty-one/build.sbt
2026.09.19 18:15:09 INFO  no build target found for C:\Users\ruben\Documents\GitHub\practica-scala\parte3\parte3-1-vscode\torneo-twenty-one\src\main\scala\Main.scala. Using presentation compiler with project's scala-library version: 3.3.8
2026.09.19 18:15:09 INFO  no build target found for C:\Users\ruben\Documents\GitHub\practica-scala\parte3\parte3-1-vscode\torneo-twenty-one\src\main\scala\Main.scala. Using presentation compiler with project's scala-library version: 3.3.8
2026.09.19 18:15:09 INFO  no build target found for C:\Users\ruben\Documents\GitHub\practica-scala\parte3\parte3-1-vscode\torneo-twenty-one\src\main\scala\Main.scala. Using presentation compiler with project's scala-library version: 3.3.8
2026.09.19 18:15:11 INFO  no build target found for C:\Users\ruben\Documents\GitHub\practica-scala\parte3\parte3-1-vscode\torneo-twenty-one\src\main\scala\Main.scala. Using presentation compiler with project's scala-library version: 3.3.8
2026.09.19 18:15:11 INFO  no build target found for C:\Users\ruben\Documents\GitHub\practica-scala\parte3\parte3-1-vscode\torneo-twenty-one\src\main\scala\Main.scala. Using presentation compiler with project's scala-library version: 3.3.8
2026.09.19 18:15:12 INFO  no build target found for C:\Users\ruben\Documents\GitHub\practica-scala\parte3\parte3-1-vscode\torneo-twenty-one\src\main\scala\Main.scala. Using presentation compiler with project's scala-library version: 3.3.8
2026.09.19 18:15:12 INFO  no build target found for C:\Users\ruben\Documents\GitHub\practica-scala\parte3\parte3-1-vscode\torneo-twenty-one\src\main\scala\Main.scala. Using presentation compiler with project's scala-library version: 3.3.8
2026.09.19 18:15:12 INFO  no build target found for C:\Users\ruben\Documents\GitHub\practica-scala\parte3\parte3-1-vscode\torneo-twenty-one\src\main\scala\Main.scala. Using presentation compiler with project's scala-library version: 3.3.8
2026.09.19 18:15:12 INFO  no build target found for C:\Users\ruben\Documents\GitHub\practica-scala\parte3\parte3-1-vscode\torneo-twenty-one\src\main\scala\Main.scala. Using presentation compiler with project's scala-library version: 3.3.8
2026.09.19 18:15:13 INFO  no build target found for C:\Users\ruben\Documents\GitHub\practica-scala\parte3\parte3-1-vscode\torneo-twenty-one\src\main\scala\Main.scala. Using presentation compiler with project's scala-library version: 3.3.8
2026.09.19 18:15:13 INFO  no build target found for C:\Users\ruben\Documents\GitHub\practica-scala\parte3\parte3-1-vscode\torneo-twenty-one\src\main\scala\Main.scala. Using presentation compiler with project's scala-library version: 3.3.8
2026.09.19 18:15:13 INFO  no build target found for C:\Users\ruben\Documents\GitHub\practica-scala\parte3\parte3-1-vscode\torneo-twenty-one\src\main\scala\Main.scala. Using presentation compiler with project's scala-library version: 3.3.8
2026.09.19 18:15:13 INFO  no build target found for C:\Users\ruben\Documents\GitHub\practica-scala\parte3\parte3-1-vscode\torneo-twenty-one\src\main\scala\Main.scala. Using presentation compiler with project's scala-library version: 3.3.8
2026.09.19 18:15:13 INFO  no build target found for C:\Users\ruben\Documents\GitHub\practica-scala\parte3\parte3-1-vscode\torneo-twenty-one\src\main\scala\Main.scala. Using presentation compiler with project's scala-library version: 3.3.8
2026.09.19 18:15:13 INFO  no build target found for C:\Users\ruben\Documents\GitHub\practica-scala\parte3\parte3-1-vscode\torneo-twenty-one\src\main\scala\Main.scala. Using presentation compiler with project's scala-library version: 3.3.8
2026.09.19 18:15:14 INFO  no build target found for C:\Users\ruben\Documents\GitHub\practica-scala\parte3\parte3-1-vscode\torneo-twenty-one\src\main\scala\Main.scala. Using presentation compiler with project's scala-library version: 3.3.8
2026.09.19 18:15:14 INFO  no build target found for C:\Users\ruben\Documents\GitHub\practica-scala\parte3\parte3-1-vscode\torneo-twenty-one\src\main\scala\Main.scala. Using presentation compiler with project's scala-library version: 3.3.8
2026.09.19 18:15:14 INFO  no build target found for C:\Users\ruben\Documents\GitHub\practica-scala\parte3\parte3-1-vscode\torneo-twenty-one\src\main\scala\Main.scala. Using presentation compiler with project's scala-library version: 3.3.8
2026.09.19 18:15:14 INFO  no build target found for C:\Users\ruben\Documents\GitHub\practica-scala\parte3\parte3-1-vscode\torneo-twenty-one\src\main\scala\Main.scala. Using presentation compiler with project's scala-library version: 3.3.8
2026.09.19 18:15:14 INFO  no build target found for C:\Users\ruben\Documents\GitHub\practica-scala\parte3\parte3-1-vscode\torneo-twenty-one\src\main\scala\Main.scala. Using presentation compiler with project's scala-library version: 3.3.8
2026.09.19 18:15:15 INFO  no build target found for C:\Users\ruben\Documents\GitHub\practica-scala\parte3\parte3-1-vscode\torneo-twenty-one\src\main\scala\Main.scala. Using presentation compiler with project's scala-library version: 3.3.8
2026.09.19 18:15:15 INFO  no build target found for C:\Users\ruben\Documents\GitHub\practica-scala\parte3\parte3-1-vscode\torneo-twenty-one\src\main\scala\Main.scala. Using presentation compiler with project's scala-library version: 3.3.8
2026.09.19 18:15:15 INFO  no build target found for C:\Users\ruben\Documents\GitHub\practica-scala\parte3\parte3-1-vscode\torneo-twenty-one\src\main\scala\Main.scala. Using presentation compiler with project's scala-library version: 3.3.8
2026.09.19 18:15:16 INFO  no build target found for C:\Users\ruben\Documents\GitHub\practica-scala\parte3\parte3-1-vscode\torneo-twenty-one\src\main\scala\Main.scala. Using presentation compiler with project's scala-library version: 3.3.8
2026.09.19 18:15:15 INFO  no build target found for C:\Users\ruben\Documents\GitHub\practica-scala\parte3\parte3-1-vscode\torneo-twenty-one\src\main\scala\Main.scala. Using presentation compiler with project's scala-library version: 3.3.8
2026.09.19 18:15:16 INFO  no build target found for C:\Users\ruben\Documents\GitHub\practica-scala\parte3\parte3-1-vscode\torneo-twenty-one\src\main\scala\Main.scala. Using presentation compiler with project's scala-library version: 3.3.8
2026.09.19 18:15:16 INFO  no build target found for C:\Users\ruben\Documents\GitHub\practica-scala\parte3\parte3-1-vscode\torneo-twenty-one\src\main\scala\Main.scala. Using presentation compiler with project's scala-library version: 3.3.8
2026.09.19 18:15:18 INFO  no build target found for C:\Users\ruben\Documents\GitHub\practica-scala\parte3\parte3-1-vscode\torneo-twenty-one\src\main\scala\Main.scala. Using presentation compiler with project's scala-library version: 3.3.8
2026.09.19 18:15:19 INFO  no build target found for C:\Users\ruben\Documents\GitHub\practica-scala\parte3\parte3-1-vscode\torneo-twenty-one\src\main\scala\Main.scala. Using presentation compiler with project's scala-library version: 3.3.8
sept 19, 2026 6:15:19 P. M. org.eclipse.lsp4j.jsonrpc.RemoteEndpoint handleCancellation
ADVERTENCIA: Unmatched cancel notification for request id 82
2026.09.19 18:15:19 INFO  no build target found for C:\Users\ruben\Documents\GitHub\practica-scala\parte3\parte3-1-vscode\torneo-twenty-one\src\main\scala\Main.scala. Using presentation compiler with project's scala-library version: 3.3.8
2026.09.19 18:15:19 INFO  no build target found for C:\Users\ruben\Documents\GitHub\practica-scala\parte3\parte3-1-vscode\torneo-twenty-one\src\main\scala\Main.scala. Using presentation compiler with project's scala-library version: 3.3.8
2026.09.19 18:15:19 INFO  no build target found for C:\Users\ruben\Documents\GitHub\practica-scala\parte3\parte3-1-vscode\torneo-twenty-one\src\main\scala\Main.scala. Using presentation compiler with project's scala-library version: 3.3.8
2026.09.19 18:15:21 INFO  no build target found for C:\Users\ruben\Documents\GitHub\practica-scala\parte3\parte3-1-vscode\torneo-twenty-one\src\main\scala\Main.scala. Using presentation compiler with project's scala-library version: 3.3.8
2026.09.19 18:15:21 INFO  no build target found for C:\Users\ruben\Documents\GitHub\practica-scala\parte3\parte3-1-vscode\torneo-twenty-one\src\main\scala\Main.scala. Using presentation compiler with project's scala-library version: 3.3.8
2026.09.19 18:15:23 INFO  no build target found for C:\Users\ruben\Documents\GitHub\practica-scala\parte3\parte3-1-vscode\torneo-twenty-one\src\main\scala\Main.scala. Using presentation compiler with project's scala-library version: 3.3.8
2026.09.19 18:15:24 INFO  no build target found for C:\Users\ruben\Documents\GitHub\practica-scala\parte3\parte3-1-vscode\torneo-twenty-one\src\main\scala\Main.scala. Using presentation compiler with project's scala-library version: 3.3.8
2026.09.19 18:15:24 INFO  no build target found for C:\Users\ruben\Documents\GitHub\practica-scala\parte3\parte3-1-vscode\torneo-twenty-one\src\main\scala\Main.scala. Using presentation compiler with project's scala-library version: 3.3.8
2026.09.19 18:15:24 INFO  no build target found for C:\Users\ruben\Documents\GitHub\practica-scala\parte3\parte3-1-vscode\torneo-twenty-one\src\main\scala\Main.scala. Using presentation compiler with project's scala-library version: 3.3.8
2026.09.19 18:15:24 INFO  no build target found for C:\Users\ruben\Documents\GitHub\practica-scala\parte3\parte3-1-vscode\torneo-twenty-one\src\main\scala\Main.scala. Using presentation compiler with project's scala-library version: 3.3.8
2026.09.19 18:15:25 INFO  no build target found for C:\Users\ruben\Documents\GitHub\practica-scala\parte3\parte3-1-vscode\torneo-twenty-one\src\main\scala\Main.scala. Using presentation compiler with project's scala-library version: 3.3.8
2026.09.19 18:15:25 INFO  no build target found for C:\Users\ruben\Documents\GitHub\practica-scala\parte3\parte3-1-vscode\torneo-twenty-one\src\main\scala\Main.scala. Using presentation compiler with project's scala-library version: 3.3.8
2026.09.19 18:15:25 INFO  no build target found for C:\Users\ruben\Documents\GitHub\practica-scala\parte3\parte3-1-vscode\torneo-twenty-one\src\main\scala\Main.scala. Using presentation compiler with project's scala-library version: 3.3.8
2026.09.19 18:15:25 INFO  no build target found for C:\Users\ruben\Documents\GitHub\practica-scala\parte3\parte3-1-vscode\torneo-twenty-one\src\main\scala\Main.scala. Using presentation compiler with project's scala-library version: 3.3.8
2026.09.19 18:15:25 INFO  no build target found for C:\Users\ruben\Documents\GitHub\practica-scala\parte3\parte3-1-vscode\torneo-twenty-one\src\main\scala\Main.scala. Using presentation compiler with project's scala-library version: 3.3.8
2026.09.19 18:15:26 INFO  no build target found for C:\Users\ruben\Documents\GitHub\practica-scala\parte3\parte3-1-vscode\torneo-twenty-one\src\main\scala\Main.scala. Using presentation compiler with project's scala-library version: 3.3.8
2026.09.19 18:15:26 INFO  no build target found for C:\Users\ruben\Documents\GitHub\practica-scala\parte3\parte3-1-vscode\torneo-twenty-one\src\main\scala\Main.scala. Using presentation compiler with project's scala-library version: 3.3.8
2026.09.19 18:15:26 INFO  no build target found for C:\Users\ruben\Documents\GitHub\practica-scala\parte3\parte3-1-vscode\torneo-twenty-one\src\main\scala\Main.scala. Using presentation compiler with project's scala-library version: 3.3.8
2026.09.19 18:15:26 INFO  no build target found for C:\Users\ruben\Documents\GitHub\practica-scala\parte3\parte3-1-vscode\torneo-twenty-one\src\main\scala\Main.scala. Using presentation compiler with project's scala-library version: 3.3.8
2026.09.19 18:15:27 INFO  no build target found for C:\Users\ruben\Documents\GitHub\practica-scala\parte3\parte3-1-vscode\torneo-twenty-one\src\main\scala\Main.scala. Using presentation compiler with project's scala-library version: 3.3.8
2026.09.19 18:15:27 INFO  no build target found for C:\Users\ruben\Documents\GitHub\practica-scala\parte3\parte3-1-vscode\torneo-twenty-one\src\main\scala\Main.scala. Using presentation compiler with project's scala-library version: 3.3.8
2026.09.19 18:15:27 INFO  no build target found for C:\Users\ruben\Documents\GitHub\practica-scala\parte3\parte3-1-vscode\torneo-twenty-one\src\main\scala\Main.scala. Using presentation compiler with project's scala-library version: 3.3.8
2026.09.19 18:15:27 INFO  no build target found for C:\Users\ruben\Documents\GitHub\practica-scala\parte3\parte3-1-vscode\torneo-twenty-one\src\main\scala\Main.scala. Using presentation compiler with project's scala-library version: 3.3.8
2026.09.19 18:15:27 INFO  no build target found for C:\Users\ruben\Documents\GitHub\practica-scala\parte3\parte3-1-vscode\torneo-twenty-one\src\main\scala\Main.scala. Using presentation compiler with project's scala-library version: 3.3.8
2026.09.19 18:15:27 INFO  no build target found for C:\Users\ruben\Documents\GitHub\practica-scala\parte3\parte3-1-vscode\torneo-twenty-one\src\main\scala\Main.scala. Using presentation compiler with project's scala-library version: 3.3.8
2026.09.19 18:15:28 INFO  no build target found for C:\Users\ruben\Documents\GitHub\practica-scala\parte3\parte3-1-vscode\torneo-twenty-one\src\main\scala\Main.scala. Using presentation compiler with project's scala-library version: 3.3.8
2026.09.19 18:15:28 INFO  no build target found for C:\Users\ruben\Documents\GitHub\practica-scala\parte3\parte3-1-vscode\torneo-twenty-one\src\main\scala\Main.scala. Using presentation compiler with project's scala-library version: 3.3.8
2026.09.19 18:15:28 INFO  no build target found for C:\Users\ruben\Documents\GitHub\practica-scala\parte3\parte3-1-vscode\torneo-twenty-one\src\main\scala\Main.scala. Using presentation compiler with project's scala-library version: 3.3.8
2026.09.19 18:15:28 INFO  no build target found for C:\Users\ruben\Documents\GitHub\practica-scala\parte3\parte3-1-vscode\torneo-twenty-one\src\main\scala\Main.scala. Using presentation compiler with project's scala-library version: 3.3.8
2026.09.19 18:15:29 INFO  no build target found for C:\Users\ruben\Documents\GitHub\practica-scala\parte3\parte3-1-vscode\torneo-twenty-one\src\main\scala\Main.scala. Using presentation compiler with project's scala-library version: 3.3.8
2026.09.19 18:15:29 INFO  no build target found for C:\Users\ruben\Documents\GitHub\practica-scala\parte3\parte3-1-vscode\torneo-twenty-one\src\main\scala\Main.scala. Using presentation compiler with project's scala-library version: 3.3.8
2026.09.19 18:15:29 INFO  no build target found for C:\Users\ruben\Documents\GitHub\practica-scala\parte3\parte3-1-vscode\torneo-twenty-one\src\main\scala\Main.scala. Using presentation compiler with project's scala-library version: 3.3.8
2026.09.19 18:15:29 INFO  no build target found for C:\Users\ruben\Documents\GitHub\practica-scala\parte3\parte3-1-vscode\torneo-twenty-one\src\main\scala\Main.scala. Using presentation compiler with project's scala-library version: 3.3.8
2026.09.19 18:15:31 INFO  no build target found for C:\Users\ruben\Documents\GitHub\practica-scala\parte3\parte3-1-vscode\torneo-twenty-one\src\main\scala\Main.scala. Using presentation compiler with project's scala-library version: 3.3.8
2026.09.19 18:15:31 INFO  no build target found for C:\Users\ruben\Documents\GitHub\practica-scala\parte3\parte3-1-vscode\torneo-twenty-one\src\main\scala\Main.scala. Using presentation compiler with project's scala-library version: 3.3.8
2026.09.19 18:15:31 INFO  no build target found for C:\Users\ruben\Documents\GitHub\practica-scala\parte3\parte3-1-vscode\torneo-twenty-one\src\main\scala\Main.scala. Using presentation compiler with project's scala-library version: 3.3.8
2026.09.19 18:15:31 INFO  no build target found for C:\Users\ruben\Documents\GitHub\practica-scala\parte3\parte3-1-vscode\torneo-twenty-one\src\main\scala\Main.scala. Using presentation compiler with project's scala-library version: 3.3.8
2026.09.19 18:15:31 INFO  no build target found for C:\Users\ruben\Documents\GitHub\practica-scala\parte3\parte3-1-vscode\torneo-twenty-one\src\main\scala\Main.scala. Using presentation compiler with project's scala-library version: 3.3.8
2026.09.19 18:15:31 INFO  no build target found for C:\Users\ruben\Documents\GitHub\practica-scala\parte3\parte3-1-vscode\torneo-twenty-one\src\main\scala\Main.scala. Using presentation compiler with project's scala-library version: 3.3.8
2026.09.19 18:15:33 INFO  no build target found for C:\Users\ruben\Documents\GitHub\practica-scala\parte3\parte3-1-vscode\torneo-twenty-one\src\main\scala\Main.scala. Using presentation compiler with project's scala-library version: 3.3.8
2026.09.19 18:15:33 INFO  no build target found for C:\Users\ruben\Documents\GitHub\practica-scala\parte3\parte3-1-vscode\torneo-twenty-one\src\main\scala\Main.scala. Using presentation compiler with project's scala-library version: 3.3.8
2026.09.19 18:15:33 INFO  no build target found for C:\Users\ruben\Documents\GitHub\practica-scala\parte3\parte3-1-vscode\torneo-twenty-one\src\main\scala\Main.scala. Using presentation compiler with project's scala-library version: 3.3.8
2026.09.19 18:15:35 INFO  no build target found for C:\Users\ruben\Documents\GitHub\practica-scala\parte3\parte3-1-vscode\torneo-twenty-one\src\main\scala\Main.scala. Using presentation compiler with project's scala-library version: 3.3.8
2026.09.19 18:15:35 INFO  no build target found for C:\Users\ruben\Documents\GitHub\practica-scala\parte3\parte3-1-vscode\torneo-twenty-one\src\main\scala\Main.scala. Using presentation compiler with project's scala-library version: 3.3.8
2026.09.19 18:15:35 INFO  no build target found for C:\Users\ruben\Documents\GitHub\practica-scala\parte3\parte3-1-vscode\torneo-twenty-one\src\main\scala\Main.scala. Using presentation compiler with project's scala-library version: 3.3.8
2026.09.19 18:15:35 INFO  no build target found for C:\Users\ruben\Documents\GitHub\practica-scala\parte3\parte3-1-vscode\torneo-twenty-one\src\main\scala\Main.scala. Using presentation compiler with project's scala-library version: 3.3.8
2026.09.19 18:15:35 INFO  no build target found for C:\Users\ruben\Documents\GitHub\practica-scala\parte3\parte3-1-vscode\torneo-twenty-one\src\main\scala\Main.scala. Using presentation compiler with project's scala-library version: 3.3.8
2026.09.19 18:15:35 INFO  no build target found for C:\Users\ruben\Documents\GitHub\practica-scala\parte3\parte3-1-vscode\torneo-twenty-one\src\main\scala\Main.scala. Using presentation compiler with project's scala-library version: 3.3.8
2026.09.19 18:15:35 INFO  no build target found for C:\Users\ruben\Documents\GitHub\practica-scala\parte3\parte3-1-vscode\torneo-twenty-one\src\main\scala\Main.scala. Using presentation compiler with project's scala-library version: 3.3.8
2026.09.19 18:15:36 INFO  no build target found for C:\Users\ruben\Documents\GitHub\practica-scala\parte3\parte3-1-vscode\torneo-twenty-one\src\main\scala\Main.scala. Using presentation compiler with project's scala-library version: 3.3.8
2026.09.19 18:15:36 INFO  no build target found for C:\Users\ruben\Documents\GitHub\practica-scala\parte3\parte3-1-vscode\torneo-twenty-one\src\main\scala\Main.scala. Using presentation compiler with project's scala-library version: 3.3.8
2026.09.19 18:15:36 INFO  no build target found for C:\Users\ruben\Documents\GitHub\practica-scala\parte3\parte3-1-vscode\torneo-twenty-one\src\main\scala\Main.scala. Using presentation compiler with project's scala-library version: 3.3.8
2026.09.19 18:15:36 INFO  no build target found for C:\Users\ruben\Documents\GitHub\practica-scala\parte3\parte3-1-vscode\torneo-twenty-one\src\main\scala\Main.scala. Using presentation compiler with project's scala-library version: 3.3.8
2026.09.19 18:15:37 INFO  no build target found for C:\Users\ruben\Documents\GitHub\practica-scala\parte3\parte3-1-vscode\torneo-twenty-one\src\main\scala\Main.scala. Using presentation compiler with project's scala-library version: 3.3.8
2026.09.19 18:15:37 INFO  no build target found for C:\Users\ruben\Documents\GitHub\practica-scala\parte3\parte3-1-vscode\torneo-twenty-one\src\main\scala\Main.scala. Using presentation compiler with project's scala-library version: 3.3.8
2026.09.19 18:15:37 INFO  no build target found for C:\Users\ruben\Documents\GitHub\practica-scala\parte3\parte3-1-vscode\torneo-twenty-one\src\main\scala\Main.scala. Using presentation compiler with project's scala-library version: 3.3.8
2026.09.19 18:15:37 INFO  no build target found for C:\Users\ruben\Documents\GitHub\practica-scala\parte3\parte3-1-vscode\torneo-twenty-one\src\main\scala\Main.scala. Using presentation compiler with project's scala-library version: 3.3.8
2026.09.19 18:15:37 INFO  no build target found for C:\Users\ruben\Documents\GitHub\practica-scala\parte3\parte3-1-vscode\torneo-twenty-one\src\main\scala\Main.scala. Using presentation compiler with project's scala-library version: 3.3.8
2026.09.19 18:15:38 INFO  no build target found for C:\Users\ruben\Documents\GitHub\practica-scala\parte3\parte3-1-vscode\torneo-twenty-one\src\main\scala\Main.scala. Using presentation compiler with project's scala-library version: 3.3.8
2026.09.19 18:15:38 INFO  no build target found for C:\Users\ruben\Documents\GitHub\practica-scala\parte3\parte3-1-vscode\torneo-twenty-one\src\main\scala\Main.scala. Using presentation compiler with project's scala-library version: 3.3.8
2026.09.19 18:15:42 INFO  no build target found for C:\Users\ruben\Documents\GitHub\practica-scala\parte3\parte3-1-vscode\torneo-twenty-one\src\main\scala\Main.scala. Using presentation compiler with project's scala-library version: 3.3.8
2026.09.19 18:15:45 INFO  no build target found for C:\Users\ruben\Documents\GitHub\practica-scala\parte3\parte3-1-vscode\torneo-twenty-one\src\main\scala\Main.scala. Using presentation compiler with project's scala-library version: 3.3.8
2026.09.19 18:15:46 INFO  no build target found for C:\Users\ruben\Documents\GitHub\practica-scala\parte3\parte3-1-vscode\torneo-twenty-one\src\main\scala\Main.scala. Using presentation compiler with project's scala-library version: 3.3.8
2026.09.19 18:15:47 INFO  no build target found for C:\Users\ruben\Documents\GitHub\practica-scala\parte3\parte3-1-vscode\torneo-twenty-one\src\main\scala\Main.scala. Using presentation compiler with project's scala-library version: 3.3.8
2026.09.19 18:15:48 INFO  no build target found for C:\Users\ruben\Documents\GitHub\practica-scala\parte3\parte3-1-vscode\torneo-twenty-one\src\main\scala\Main.scala. Using presentation compiler with project's scala-library version: 3.3.8
2026.09.19 18:15:48 INFO  no build target found for C:\Users\ruben\Documents\GitHub\practica-scala\parte3\parte3-1-vscode\torneo-twenty-one\src\main\scala\Main.scala. Using presentation compiler with project's scala-library version: 3.3.8
2026.09.19 18:15:49 INFO  no build target found for C:\Users\ruben\Documents\GitHub\practica-scala\parte3\parte3-1-vscode\torneo-twenty-one\src\main\scala\Main.scala. Using presentation compiler with project's scala-library version: 3.3.8
2026.09.19 18:15:49 INFO  no build target found for C:\Users\ruben\Documents\GitHub\practica-scala\parte3\parte3-1-vscode\torneo-twenty-one\src\main\scala\Main.scala. Using presentation compiler with project's scala-library version: 3.3.8
2026.09.19 18:15:49 INFO  no build target found for C:\Users\ruben\Documents\GitHub\practica-scala\parte3\parte3-1-vscode\torneo-twenty-one\src\main\scala\Main.scala. Using presentation compiler with project's scala-library version: 3.3.8
2026.09.19 18:15:50 INFO  no build target found for C:\Users\ruben\Documents\GitHub\practica-scala\parte3\parte3-1-vscode\torneo-twenty-one\src\main\scala\Main.scala. Using presentation compiler with project's scala-library version: 3.3.8
2026.09.19 18:15:51 INFO  no build target found for C:\Users\ruben\Documents\GitHub\practica-scala\parte3\parte3-1-vscode\torneo-twenty-one\src\main\scala\Main.scala. Using presentation compiler with project's scala-library version: 3.3.8
2026.09.19 18:15:51 INFO  no build target found for C:\Users\ruben\Documents\GitHub\practica-scala\parte3\parte3-1-vscode\torneo-twenty-one\src\main\scala\Main.scala. Using presentation compiler with project's scala-library version: 3.3.8
2026.09.19 18:15:51 INFO  no build target found for C:\Users\ruben\Documents\GitHub\practica-scala\parte3\parte3-1-vscode\torneo-twenty-one\src\main\scala\Main.scala. Using presentation compiler with project's scala-library version: 3.3.8
2026.09.19 18:15:51 INFO  no build target found for C:\Users\ruben\Documents\GitHub\practica-scala\parte3\parte3-1-vscode\torneo-twenty-one\src\main\scala\Main.scala. Using presentation compiler with project's scala-library version: 3.3.8
2026.09.19 18:15:52 INFO  no build target found for C:\Users\ruben\Documents\GitHub\practica-scala\parte3\parte3-1-vscode\torneo-twenty-one\src\main\scala\Main.scala. Using presentation compiler with project's scala-library version: 3.3.8
2026.09.19 18:15:51 INFO  no build target found for C:\Users\ruben\Documents\GitHub\practica-scala\parte3\parte3-1-vscode\torneo-twenty-one\src\main\scala\Main.scala. Using presentation compiler with project's scala-library version: 3.3.8
2026.09.19 18:15:53 INFO  no build target found for C:\Users\ruben\Documents\GitHub\practica-scala\parte3\parte3-1-vscode\torneo-twenty-one\src\main\scala\Main.scala. Using presentation compiler with project's scala-library version: 3.3.8
2026.09.19 18:15:53 INFO  no build target found for C:\Users\ruben\Documents\GitHub\practica-scala\parte3\parte3-1-vscode\torneo-twenty-one\src\main\scala\Main.scala. Using presentation compiler with project's scala-library version: 3.3.8
2026.09.19 18:15:53 INFO  no build target found for C:\Users\ruben\Documents\GitHub\practica-scala\parte3\parte3-1-vscode\torneo-twenty-one\src\main\scala\Main.scala. Using presentation compiler with project's scala-library version: 3.3.8
2026.09.19 18:15:53 INFO  no build target found for C:\Users\ruben\Documents\GitHub\practica-scala\parte3\parte3-1-vscode\torneo-twenty-one\src\main\scala\Main.scala. Using presentation compiler with project's scala-library version: 3.3.8
2026.09.19 18:15:53 INFO  no build target found for C:\Users\ruben\Documents\GitHub\practica-scala\parte3\parte3-1-vscode\torneo-twenty-one\src\main\scala\Main.scala. Using presentation compiler with project's scala-library version: 3.3.8
2026.09.19 18:15:53 INFO  no build target found for C:\Users\ruben\Documents\GitHub\practica-scala\parte3\parte3-1-vscode\torneo-twenty-one\src\main\scala\Main.scala. Using presentation compiler with project's scala-library version: 3.3.8
2026.09.19 18:15:53 INFO  no build target found for C:\Users\ruben\Documents\GitHub\practica-scala\parte3\parte3-1-vscode\torneo-twenty-one\src\main\scala\Main.scala. Using presentation compiler with project's scala-library version: 3.3.8
2026.09.19 18:15:54 INFO  no build target found for C:\Users\ruben\Documents\GitHub\practica-scala\parte3\parte3-1-vscode\torneo-twenty-one\src\main\scala\Main.scala. Using presentation compiler with project's scala-library version: 3.3.8
2026.09.19 18:15:54 INFO  no build target found for C:\Users\ruben\Documents\GitHub\practica-scala\parte3\parte3-1-vscode\torneo-twenty-one\src\main\scala\Main.scala. Using presentation compiler with project's scala-library version: 3.3.8
2026.09.19 18:15:54 INFO  no build target found for C:\Users\ruben\Documents\GitHub\practica-scala\parte3\parte3-1-vscode\torneo-twenty-one\src\main\scala\Main.scala. Using presentation compiler with project's scala-library version: 3.3.8
2026.09.19 18:15:55 INFO  no build target found for C:\Users\ruben\Documents\GitHub\practica-scala\parte3\parte3-1-vscode\torneo-twenty-one\src\main\scala\Main.scala. Using presentation compiler with project's scala-library version: 3.3.8
2026.09.19 18:15:54 INFO  no build target found for C:\Users\ruben\Documents\GitHub\practica-scala\parte3\parte3-1-vscode\torneo-twenty-one\src\main\scala\Main.scala. Using presentation compiler with project's scala-library version: 3.3.8
2026.09.19 18:15:54 INFO  no build target found for C:\Users\ruben\Documents\GitHub\practica-scala\parte3\parte3-1-vscode\torneo-twenty-one\src\main\scala\Main.scala. Using presentation compiler with project's scala-library version: 3.3.8
2026.09.19 18:15:55 INFO  no build target found for C:\Users\ruben\Documents\GitHub\practica-scala\parte3\parte3-1-vscode\torneo-twenty-one\src\main\scala\Main.scala. Using presentation compiler with project's scala-library version: 3.3.8
2026.09.19 18:15:55 INFO  no build target found for C:\Users\ruben\Documents\GitHub\practica-scala\parte3\parte3-1-vscode\torneo-twenty-one\src\main\scala\Main.scala. Using presentation compiler with project's scala-library version: 3.3.8
2026.09.19 18:15:55 INFO  no build target found for C:\Users\ruben\Documents\GitHub\practica-scala\parte3\parte3-1-vscode\torneo-twenty-one\src\main\scala\Main.scala. Using presentation compiler with project's scala-library version: 3.3.8
2026.09.19 18:15:55 INFO  no build target found for C:\Users\ruben\Documents\GitHub\practica-scala\parte3\parte3-1-vscode\torneo-twenty-one\src\main\scala\Main.scala. Using presentation compiler with project's scala-library version: 3.3.8
2026.09.19 18:15:55 INFO  no build target found for C:\Users\ruben\Documents\GitHub\practica-scala\parte3\parte3-1-vscode\torneo-twenty-one\src\main\scala\Main.scala. Using presentation compiler with project's scala-library version: 3.3.8
2026.09.19 18:15:56 INFO  no build target found for C:\Users\ruben\Documents\GitHub\practica-scala\parte3\parte3-1-vscode\torneo-twenty-one\src\main\scala\Main.scala. Using presentation compiler with project's scala-library version: 3.3.8
2026.09.19 18:15:57 INFO  no build target found for C:\Users\ruben\Documents\GitHub\practica-scala\parte3\parte3-1-vscode\torneo-twenty-one\src\main\scala\Main.scala. Using presentation compiler with project's scala-library version: 3.3.8
2026.09.19 18:15:57 INFO  no build target found for C:\Users\ruben\Documents\GitHub\practica-scala\parte3\parte3-1-vscode\torneo-twenty-one\src\main\scala\Main.scala. Using presentation compiler with project's scala-library version: 3.3.8
2026.09.19 18:15:58 INFO  no build target found for C:\Users\ruben\Documents\GitHub\practica-scala\parte3\parte3-1-vscode\torneo-twenty-one\src\main\scala\Main.scala. Using presentation compiler with project's scala-library version: 3.3.8
2026.09.19 18:15:58 INFO  no build target found for C:\Users\ruben\Documents\GitHub\practica-scala\parte3\parte3-1-vscode\torneo-twenty-one\src\main\scala\Main.scala. Using presentation compiler with project's scala-library version: 3.3.8
2026.09.19 18:16:00 INFO  no build target found for C:\Users\ruben\Documents\GitHub\practica-scala\parte3\parte3-1-vscode\torneo-twenty-one\src\main\scala\Main.scala. Using presentation compiler with project's scala-library version: 3.3.8
2026.09.19 18:16:02 INFO  no build target found for C:\Users\ruben\Documents\GitHub\practica-scala\parte3\parte3-1-vscode\torneo-twenty-one\src\main\scala\Main.scala. Using presentation compiler with project's scala-library version: 3.3.8
2026.09.19 18:16:05 INFO  no build target found for C:\Users\ruben\Documents\GitHub\practica-scala\parte3\parte3-1-vscode\torneo-twenty-one\src\main\scala\Main.scala. Using presentation compiler with project's scala-library version: 3.3.8
2026.09.19 18:16:05 INFO  no build target found for C:\Users\ruben\Documents\GitHub\practica-scala\parte3\parte3-1-vscode\torneo-twenty-one\src\main\scala\Main.scala. Using presentation compiler with project's scala-library version: 3.3.8
2026.09.19 18:16:05 INFO  no build target found for C:\Users\ruben\Documents\GitHub\practica-scala\parte3\parte3-1-vscode\torneo-twenty-one\src\main\scala\Main.scala. Using presentation compiler with project's scala-library version: 3.3.8
2026.09.19 18:16:06 INFO  no build target found for C:\Users\ruben\Documents\GitHub\practica-scala\parte3\parte3-1-vscode\torneo-twenty-one\src\main\scala\Main.scala. Using presentation compiler with project's scala-library version: 3.3.8
2026.09.19 18:16:06 INFO  no build target found for C:\Users\ruben\Documents\GitHub\practica-scala\parte3\parte3-1-vscode\torneo-twenty-one\src\main\scala\Main.scala. Using presentation compiler with project's scala-library version: 3.3.8
2026.09.19 18:16:06 INFO  no build target found for C:\Users\ruben\Documents\GitHub\practica-scala\parte3\parte3-1-vscode\torneo-twenty-one\src\main\scala\Main.scala. Using presentation compiler with project's scala-library version: 3.3.8
2026.09.19 18:16:06 INFO  no build target found for C:\Users\ruben\Documents\GitHub\practica-scala\parte3\parte3-1-vscode\torneo-twenty-one\src\main\scala\Main.scala. Using presentation compiler with project's scala-library version: 3.3.8
2026.09.19 18:16:06 INFO  no build target found for C:\Users\ruben\Documents\GitHub\practica-scala\parte3\parte3-1-vscode\torneo-twenty-one\src\main\scala\Main.scala. Using presentation compiler with project's scala-library version: 3.3.8
2026.09.19 18:16:07 INFO  no build target found for C:\Users\ruben\Documents\GitHub\practica-scala\parte3\parte3-1-vscode\torneo-twenty-one\src\main\scala\Main.scala. Using presentation compiler with project's scala-library version: 3.3.8
2026.09.19 18:16:07 INFO  no build target found for C:\Users\ruben\Documents\GitHub\practica-scala\parte3\parte3-1-vscode\torneo-twenty-one\src\main\scala\Main.scala. Using presentation compiler with project's scala-library version: 3.3.8
2026.09.19 18:16:07 INFO  no build target found for C:\Users\ruben\Documents\GitHub\practica-scala\parte3\parte3-1-vscode\torneo-twenty-one\src\main\scala\Main.scala. Using presentation compiler with project's scala-library version: 3.3.8
2026.09.19 18:16:08 INFO  no build target found for C:\Users\ruben\Documents\GitHub\practica-scala\parte3\parte3-1-vscode\torneo-twenty-one\src\main\scala\Main.scala. Using presentation compiler with project's scala-library version: 3.3.8
2026.09.19 18:16:07 INFO  no build target found for C:\Users\ruben\Documents\GitHub\practica-scala\parte3\parte3-1-vscode\torneo-twenty-one\src\main\scala\Main.scala. Using presentation compiler with project's scala-library version: 3.3.8
2026.09.19 18:16:07 INFO  no build target found for C:\Users\ruben\Documents\GitHub\practica-scala\parte3\parte3-1-vscode\torneo-twenty-one\src\main\scala\Main.scala. Using presentation compiler with project's scala-library version: 3.3.8
Exception in thread "pool-120-thread-1" java.lang.InterruptedException
	at scala.meta.internal.metals.FutureCancelToken.checkCanceled(FutureCancelToken.scala:29)
	at scala.meta.internal.pc.CompilerAccess.onCompilerJobQueue$$anonfun$1(CompilerAccess.scala:208)
	at scala.meta.internal.pc.CompilerJobQueue$Job.run(CompilerJobQueue.scala:153)
	at java.base/java.util.concurrent.ThreadPoolExecutor.runWorker(ThreadPoolExecutor.java:1144)
	at java.base/java.util.concurrent.ThreadPoolExecutor$Worker.run(ThreadPoolExecutor.java:642)
	at java.base/java.lang.Thread.run(Thread.java:1583)
2026.09.19 18:16:07 INFO  no build target found for C:\Users\ruben\Documents\GitHub\practica-scala\parte3\parte3-1-vscode\torneo-twenty-one\src\main\scala\Main.scala. Using presentation compiler with project's scala-library version: 3.3.8
2026.09.19 18:16:07 INFO  no build target found for C:\Users\ruben\Documents\GitHub\practica-scala\parte3\parte3-1-vscode\torneo-twenty-one\src\main\scala\Main.scala. Using presentation compiler with project's scala-library version: 3.3.8
2026.09.19 18:16:09 INFO  no build target found for C:\Users\ruben\Documents\GitHub\practica-scala\parte3\parte3-1-vscode\torneo-twenty-one\src\main\scala\Main.scala. Using presentation compiler with project's scala-library version: 3.3.8
2026.09.19 18:16:09 INFO  no build target found for C:\Users\ruben\Documents\GitHub\practica-scala\parte3\parte3-1-vscode\torneo-twenty-one\src\main\scala\Main.scala. Using presentation compiler with project's scala-library version: 3.3.8
2026.09.19 18:16:09 INFO  no build target found for C:\Users\ruben\Documents\GitHub\practica-scala\parte3\parte3-1-vscode\torneo-twenty-one\src\main\scala\Main.scala. Using presentation compiler with project's scala-library version: 3.3.8
2026.09.19 18:16:09 INFO  no build target found for C:\Users\ruben\Documents\GitHub\practica-scala\parte3\parte3-1-vscode\torneo-twenty-one\src\main\scala\Main.scala. Using presentation compiler with project's scala-library version: 3.3.8
2026.09.19 18:16:09 INFO  no build target found for C:\Users\ruben\Documents\GitHub\practica-scala\parte3\parte3-1-vscode\torneo-twenty-one\src\main\scala\Main.scala. Using presentation compiler with project's scala-library version: 3.3.8
2026.09.19 18:16:09 INFO  no build target found for C:\Users\ruben\Documents\GitHub\practica-scala\parte3\parte3-1-vscode\torneo-twenty-one\src\main\scala\Main.scala. Using presentation compiler with project's scala-library version: 3.3.8
2026.09.19 18:16:09 INFO  no build target found for C:\Users\ruben\Documents\GitHub\practica-scala\parte3\parte3-1-vscode\torneo-twenty-one\src\main\scala\Main.scala. Using presentation compiler with project's scala-library version: 3.3.8
2026.09.19 18:16:11 INFO  no build target found for C:\Users\ruben\Documents\GitHub\practica-scala\parte3\parte3-1-vscode\torneo-twenty-one\src\main\scala\Main.scala. Using presentation compiler with project's scala-library version: 3.3.8
2026.09.19 18:16:11 WARN  no build target for: C:\Users\ruben\Documents\GitHub\practica-scala\parte3\parte3-1-vscode\torneo-twenty-one\src\main\scala\Main.scala
2026.09.19 18:16:11 INFO  no build target found for C:\Users\ruben\Documents\GitHub\practica-scala\parte3\parte3-1-vscode\torneo-twenty-one\build.sbt. Using presentation compiler with project's scala-library version: 3.3.8
2026.09.19 18:16:11 INFO  no build target found for C:\Users\ruben\Documents\GitHub\practica-scala\parte3\parte3-1-vscode\torneo-twenty-one\src\main\scala\Main.scala. Using presentation compiler with project's scala-library version: 3.3.8
2026.09.19 18:16:11 WARN  Could not find semantic tokens for: file:///C:/Users/ruben/Documents/GitHub/practica-scala/parte3/parte3-1-vscode/torneo-twenty-one/build.sbt
2026.09.19 18:16:12 INFO  no build target found for C:\Users\ruben\Documents\GitHub\practica-scala\parte3\parte3-1-vscode\torneo-twenty-one\src\main\scala\Main.scala. Using presentation compiler with project's scala-library version: 3.3.8
2026.09.19 18:16:28 INFO  no build target found for C:\Users\ruben\Documents\GitHub\practica-scala\parte3\parte3-1-vscode\torneo-twenty-one\src\main\scala\Main.scala. Using presentation compiler with project's scala-library version: 3.3.8
2026.09.19 18:16:28 INFO  no build target found for C:\Users\ruben\Documents\GitHub\practica-scala\parte3\parte3-1-vscode\torneo-twenty-one\src\main\scala\Main.scala. Using presentation compiler with project's scala-library version: 3.3.8
2026.09.19 18:16:28 INFO  no build target found for C:\Users\ruben\Documents\GitHub\practica-scala\parte3\parte3-1-vscode\torneo-twenty-one\src\main\scala\Main.scala. Using presentation compiler with project's scala-library version: 3.3.8
2026.09.19 18:16:28 INFO  no build target found for C:\Users\ruben\Documents\GitHub\practica-scala\parte3\parte3-1-vscode\torneo-twenty-one\src\main\scala\Main.scala. Using presentation compiler with project's scala-library version: 3.3.8
2026.09.19 18:16:29 INFO  no build target found for C:\Users\ruben\Documents\GitHub\practica-scala\parte3\parte3-1-vscode\torneo-twenty-one\src\main\scala\Main.scala. Using presentation compiler with project's scala-library version: 3.3.8
2026.09.19 18:16:29 INFO  no build target found for C:\Users\ruben\Documents\GitHub\practica-scala\parte3\parte3-1-vscode\torneo-twenty-one\src\main\scala\Main.scala. Using presentation compiler with project's scala-library version: 3.3.8
2026.09.19 18:16:29 INFO  no build target found for C:\Users\ruben\Documents\GitHub\practica-scala\parte3\parte3-1-vscode\torneo-twenty-one\src\main\scala\Main.scala. Using presentation compiler with project's scala-library version: 3.3.8
2026.09.19 18:16:29 INFO  no build target found for C:\Users\ruben\Documents\GitHub\practica-scala\parte3\parte3-1-vscode\torneo-twenty-one\src\main\scala\Main.scala. Using presentation compiler with project's scala-library version: 3.3.8
2026.09.19 18:16:29 INFO  no build target found for C:\Users\ruben\Documents\GitHub\practica-scala\parte3\parte3-1-vscode\torneo-twenty-one\src\main\scala\Main.scala. Using presentation compiler with project's scala-library version: 3.3.8
2026.09.19 18:16:29 INFO  no build target found for C:\Users\ruben\Documents\GitHub\practica-scala\parte3\parte3-1-vscode\torneo-twenty-one\src\main\scala\Main.scala. Using presentation compiler with project's scala-library version: 3.3.8
2026.09.19 18:16:30 INFO  no build target found for C:\Users\ruben\Documents\GitHub\practica-scala\parte3\parte3-1-vscode\torneo-twenty-one\src\main\scala\Main.scala. Using presentation compiler with project's scala-library version: 3.3.8
2026.09.19 18:16:31 INFO  no build target found for C:\Users\ruben\Documents\GitHub\practica-scala\parte3\parte3-1-vscode\torneo-twenty-one\src\main\scala\Main.scala. Using presentation compiler with project's scala-library version: 3.3.8
2026.09.19 18:16:30 INFO  no build target found for C:\Users\ruben\Documents\GitHub\practica-scala\parte3\parte3-1-vscode\torneo-twenty-one\src\main\scala\Main.scala. Using presentation compiler with project's scala-library version: 3.3.8
2026.09.19 18:16:30 INFO  no build target found for C:\Users\ruben\Documents\GitHub\practica-scala\parte3\parte3-1-vscode\torneo-twenty-one\src\main\scala\Main.scala. Using presentation compiler with project's scala-library version: 3.3.8
2026.09.19 18:16:30 INFO  no build target found for C:\Users\ruben\Documents\GitHub\practica-scala\parte3\parte3-1-vscode\torneo-twenty-one\src\main\scala\Main.scala. Using presentation compiler with project's scala-library version: 3.3.8
2026.09.19 18:16:31 INFO  no build target found for C:\Users\ruben\Documents\GitHub\practica-scala\parte3\parte3-1-vscode\torneo-twenty-one\src\main\scala\Main.scala. Using presentation compiler with project's scala-library version: 3.3.8
2026.09.19 18:16:31 INFO  no build target found for C:\Users\ruben\Documents\GitHub\practica-scala\parte3\parte3-1-vscode\torneo-twenty-one\src\main\scala\Main.scala. Using presentation compiler with project's scala-library version: 3.3.8
2026.09.19 18:16:31 INFO  no build target found for C:\Users\ruben\Documents\GitHub\practica-scala\parte3\parte3-1-vscode\torneo-twenty-one\src\main\scala\Main.scala. Using presentation compiler with project's scala-library version: 3.3.8
2026.09.19 18:16:34 INFO  no build target found for C:\Users\ruben\Documents\GitHub\practica-scala\parte3\parte3-1-vscode\torneo-twenty-one\src\main\scala\Main.scala. Using presentation compiler with project's scala-library version: 3.3.8
2026.09.19 18:16:34 INFO  no build target found for C:\Users\ruben\Documents\GitHub\practica-scala\parte3\parte3-1-vscode\torneo-twenty-one\src\main\scala\Main.scala. Using presentation compiler with project's scala-library version: 3.3.8
2026.09.19 18:16:34 INFO  no build target found for C:\Users\ruben\Documents\GitHub\practica-scala\parte3\parte3-1-vscode\torneo-twenty-one\src\main\scala\Main.scala. Using presentation compiler with project's scala-library version: 3.3.8
2026.09.19 18:16:34 INFO  no build target found for C:\Users\ruben\Documents\GitHub\practica-scala\parte3\parte3-1-vscode\torneo-twenty-one\src\main\scala\Main.scala. Using presentation compiler with project's scala-library version: 3.3.8
2026.09.19 18:16:34 INFO  no build target found for C:\Users\ruben\Documents\GitHub\practica-scala\parte3\parte3-1-vscode\torneo-twenty-one\src\main\scala\Main.scala. Using presentation compiler with project's scala-library version: 3.3.8
2026.09.19 18:16:36 INFO  no build target found for C:\Users\ruben\Documents\GitHub\practica-scala\parte3\parte3-1-vscode\torneo-twenty-one\src\main\scala\Main.scala. Using presentation compiler with project's scala-library version: 3.3.8
2026.09.19 18:16:36 INFO  no build target found for C:\Users\ruben\Documents\GitHub\practica-scala\parte3\parte3-1-vscode\torneo-twenty-one\src\main\scala\Main.scala. Using presentation compiler with project's scala-library version: 3.3.8
2026.09.19 18:16:36 INFO  no build target found for C:\Users\ruben\Documents\GitHub\practica-scala\parte3\parte3-1-vscode\torneo-twenty-one\src\main\scala\Main.scala. Using presentation compiler with project's scala-library version: 3.3.8
2026.09.19 18:16:36 INFO  no build target found for C:\Users\ruben\Documents\GitHub\practica-scala\parte3\parte3-1-vscode\torneo-twenty-one\src\main\scala\Main.scala. Using presentation compiler with project's scala-library version: 3.3.8
2026.09.19 18:16:36 INFO  no build target found for C:\Users\ruben\Documents\GitHub\practica-scala\parte3\parte3-1-vscode\torneo-twenty-one\src\main\scala\Main.scala. Using presentation compiler with project's scala-library version: 3.3.8
2026.09.19 18:16:37 INFO  no build target found for C:\Users\ruben\Documents\GitHub\practica-scala\parte3\parte3-1-vscode\torneo-twenty-one\src\main\scala\Main.scala. Using presentation compiler with project's scala-library version: 3.3.8
2026.09.19 18:16:39 INFO  no build target found for C:\Users\ruben\Documents\GitHub\practica-scala\parte3\parte3-1-vscode\torneo-twenty-one\src\main\scala\Main.scala. Using presentation compiler with project's scala-library version: 3.3.8
2026.09.19 18:16:39 INFO  no build target found for C:\Users\ruben\Documents\GitHub\practica-scala\parte3\parte3-1-vscode\torneo-twenty-one\src\main\scala\Main.scala. Using presentation compiler with project's scala-library version: 3.3.8
2026.09.19 18:16:39 INFO  no build target found for C:\Users\ruben\Documents\GitHub\practica-scala\parte3\parte3-1-vscode\torneo-twenty-one\src\main\scala\Main.scala. Using presentation compiler with project's scala-library version: 3.3.8
2026.09.19 18:16:39 INFO  no build target found for C:\Users\ruben\Documents\GitHub\practica-scala\parte3\parte3-1-vscode\torneo-twenty-one\src\main\scala\Main.scala. Using presentation compiler with project's scala-library version: 3.3.8
2026.09.19 18:16:39 INFO  no build target found for C:\Users\ruben\Documents\GitHub\practica-scala\parte3\parte3-1-vscode\torneo-twenty-one\src\main\scala\Main.scala. Using presentation compiler with project's scala-library version: 3.3.8
2026.09.19 18:16:39 INFO  no build target found for C:\Users\ruben\Documents\GitHub\practica-scala\parte3\parte3-1-vscode\torneo-twenty-one\src\main\scala\Main.scala. Using presentation compiler with project's scala-library version: 3.3.8
2026.09.19 18:16:40 INFO  no build target found for C:\Users\ruben\Documents\GitHub\practica-scala\parte3\parte3-1-vscode\torneo-twenty-one\src\main\scala\Main.scala. Using presentation compiler with project's scala-library version: 3.3.8
2026.09.19 18:16:40 INFO  no build target found for C:\Users\ruben\Documents\GitHub\practica-scala\parte3\parte3-1-vscode\torneo-twenty-one\src\main\scala\Main.scala. Using presentation compiler with project's scala-library version: 3.3.8
2026.09.19 18:16:40 INFO  no build target found for C:\Users\ruben\Documents\GitHub\practica-scala\parte3\parte3-1-vscode\torneo-twenty-one\src\main\scala\Main.scala. Using presentation compiler with project's scala-library version: 3.3.8
2026.09.19 18:16:41 INFO  no build target found for C:\Users\ruben\Documents\GitHub\practica-scala\parte3\parte3-1-vscode\torneo-twenty-one\src\main\scala\Main.scala. Using presentation compiler with project's scala-library version: 3.3.8
2026.09.19 18:16:41 INFO  no build target found for C:\Users\ruben\Documents\GitHub\practica-scala\parte3\parte3-1-vscode\torneo-twenty-one\src\main\scala\Main.scala. Using presentation compiler with project's scala-library version: 3.3.8
2026.09.19 18:16:41 INFO  no build target found for C:\Users\ruben\Documents\GitHub\practica-scala\parte3\parte3-1-vscode\torneo-twenty-one\src\main\scala\Main.scala. Using presentation compiler with project's scala-library version: 3.3.8
2026.09.19 18:16:42 INFO  no build target found for C:\Users\ruben\Documents\GitHub\practica-scala\parte3\parte3-1-vscode\torneo-twenty-one\src\main\scala\Main.scala. Using presentation compiler with project's scala-library version: 3.3.8
2026.09.19 18:16:42 WARN  no build target for: C:\Users\ruben\Documents\GitHub\practica-scala\parte3\parte3-1-vscode\torneo-twenty-one\src\main\scala\Main.scala
2026.09.19 18:16:42 INFO  no build target found for C:\Users\ruben\Documents\GitHub\practica-scala\parte3\parte3-1-vscode\torneo-twenty-one\src\main\scala\Main.scala. Using presentation compiler with project's scala-library version: 3.3.8
2026.09.19 18:16:42 INFO  no build target found for C:\Users\ruben\Documents\GitHub\practica-scala\parte3\parte3-1-vscode\torneo-twenty-one\build.sbt. Using presentation compiler with project's scala-library version: 3.3.8
2026.09.19 18:16:42 WARN  Could not find semantic tokens for: file:///C:/Users/ruben/Documents/GitHub/practica-scala/parte3/parte3-1-vscode/torneo-twenty-one/build.sbt
2026.09.19 18:17:35 INFO  Shutting down server
2026.09.19 18:17:35 INFO  Memory monitor stopped
2026.09.19 18:17:35 INFO  shutting down Metals
2026.09.19 18:17:35 INFO  Exiting server
