2026.09.19 17:56:44 INFO  Started: Metals version 1.6.9 in folders 'C:\Users\ruben\Documents\GitHub\practica-scala\parte1\vscode' for client Visual Studio Code 1.138.0.
2026.09.19 17:56:44 INFO  Memory monitor started
2026.09.19 17:56:46 WARN  Using H2 2.5.250 which is newer than the version Flyway has been verified with. The latest verified version of H2 is 2.3.232.
2026.09.19 17:56:48 INFO  Running List(C:\Users\ruben\AppData\Local\Coursier\data\bin\scala-cli.BAT, setup-ide, C:\Users\ruben\Documents\GitHub\practica-scala\parte1\vscode)
2026.09.19 17:56:49 INFO  Attempting to connect to the build server...
2026.09.19 17:56:49 INFO  Running BSP server List(C:\Users\ruben\AppData\Local\Coursier\data\bin\.scala-cli.aux.exe, bsp, --json-options, C:\Users\ruben\Documents\GitHub\practica-scala\parte1\vscode\.scala-build\ide-options-v2.json, --json-launcher-options, C:\Users\ruben\Documents\GitHub\practica-scala\parte1\vscode\.scala-build\ide-launcher-options.json, --envs-file, C:\Users\ruben\Documents\GitHub\practica-scala\parte1\vscode\.scala-build\ide-envs.json, C:\Users\ruben\Documents\GitHub\practica-scala\parte1\vscode)
2026.09.19 17:56:50 INFO  Tracing is disabled for protocol BSP. To enable tracing of incoming and outgoing JSON messages, create an empty file at C:\Users\ruben\Documents\GitHub\practica-scala\parte1\vscode\.metals\bsp.trace.json or C:\Users\ruben\AppData\Local\scalameta\metals\cache\bsp.trace.json
2026.09.19 17:56:52 INFO  BSP server: Starting compilation server
2026.09.19 17:56:58 INFO  time: Connected to build server in 8.26s
2026.09.19 17:56:58 INFO  Connected to Build server: scala-cli v1.17.0
2026.09.19 17:56:58 INFO  time: Imported build in 0.22s
2026.09.19 17:56:58 INFO  compiling vscode_ad5def96ca (1 scala source)
2026.09.19 17:57:02 WARN  there was 1 deprecation warning; re-run with -deprecation for details
2026.09.19 17:57:02 INFO  time: compiled vscode_ad5def96ca in 4.52s
2026.09.19 17:57:05 WARN  Using H2 2.5.250 which is newer than the version Flyway has been verified with. The latest verified version of H2 is 2.3.232.
2026.09.19 17:57:06 INFO  time: indexed workspace in 8.64s
sept 19, 2026 5:57:42 P. M. org.eclipse.lsp4j.jsonrpc.RemoteEndpoint handleCancellation
ADVERTENCIA: Unmatched cancel notification for request id 1
2026.09.19 17:57:42 INFO  no build target found for C:\Users\ruben\Documents\GitHub\practica-scala\parte1\vscode\scala-vscode\src\main\scala\build.sbt. Using presentation compiler with project's scala-library version: 3.9.0
2026.09.19 17:57:42 INFO  no build target found for C:\Users\ruben\Documents\GitHub\practica-scala\parte1\vscode\scala-vscode\src\main\scala\build.sbt. Using presentation compiler with project's scala-library version: 3.9.0
2026.09.19 17:57:42 WARN  no build target for: C:\Users\ruben\Documents\GitHub\practica-scala\parte1\vscode\scala-vscode\src\main\scala\build.sbt
sept 19, 2026 5:57:43 P. M. org.eclipse.lsp4j.jsonrpc.RemoteEndpoint handleCancellation
ADVERTENCIA: Unmatched cancel notification for request id 9
2026.09.19 17:57:43 INFO  no build target found for C:\Users\ruben\Documents\GitHub\practica-scala\parte1\vscode\scala-vscode\src\main\scala\build.sbt. Using presentation compiler with project's scala-library version: 3.9.0
2026.09.19 17:57:42 INFO  no build target found for C:\Users\ruben\Documents\GitHub\practica-scala\parte1\vscode\scala-vscode\src\main\scala\build.sbt. Using presentation compiler with project's scala-library version: 3.9.0
2026.09.19 17:57:43 WARN  Could not find semantic tokens for: file:///C:/Users/ruben/Documents/GitHub/practica-scala/parte1/vscode/scala-vscode/src/main/scala/build.sbt
2026.09.19 17:57:42 INFO  no build target found for C:\Users\ruben\Documents\GitHub\practica-scala\parte1\vscode\scala-vscode\src\main\scala\build.sbt. Using presentation compiler with project's scala-library version: 3.9.0
2026.09.19 17:57:44 WARN  Could not find semantic tokens for: file:///C:/Users/ruben/Documents/GitHub/practica-scala/parte1/vscode/scala-vscode/src/main/scala/build.sbt
2026.09.19 17:57:44 INFO  no build target found for C:\Users\ruben\Documents\GitHub\practica-scala\parte1\vscode\scala-vscode\src\main\scala\build.sbt. Using presentation compiler with project's scala-library version: 3.9.0
2026.09.19 17:57:48 INFO  no build target found for C:\Users\ruben\Documents\GitHub\practica-scala\parte1\vscode\scala-vscode\src\main\scala\build.sbt. Using presentation compiler with project's scala-library version: 3.9.0
2026.09.19 17:57:48 INFO  no build target found for C:\Users\ruben\Documents\GitHub\practica-scala\parte1\vscode\scala-vscode\src\main\scala\build.sbt. Using presentation compiler with project's scala-library version: 3.9.0
2026.09.19 17:57:48 INFO  no build target found for C:\Users\ruben\Documents\GitHub\practica-scala\parte1\vscode\scala-vscode\src\main\scala\build.sbt. Using presentation compiler with project's scala-library version: 3.9.0
2026.09.19 17:57:48 WARN  Could not find semantic tokens for: file:///C:/Users/ruben/Documents/GitHub/practica-scala/parte1/vscode/scala-vscode/src/main/scala/build.sbt
2026.09.19 17:58:11 WARN  no build target for: C:\Users\ruben\Documents\GitHub\practica-scala\parte1\vscode\scala-vscode\src\main\scala\build.sbt
2026.09.19 17:58:12 INFO  no build target found for C:\Users\ruben\Documents\GitHub\practica-scala\parte1\vscode\scala-vscode\src\main\scala\build.sbt. Using presentation compiler with project's scala-library version: 3.9.0
2026.09.19 17:58:11 INFO  no build target found for C:\Users\ruben\Documents\GitHub\practica-scala\parte1\vscode\scala-vscode\src\main\scala\build.sbt. Using presentation compiler with project's scala-library version: 3.9.0
2026.09.19 17:58:12 WARN  Could not find semantic tokens for: file:///C:/Users/ruben/Documents/GitHub/practica-scala/parte1/vscode/scala-vscode/src/main/scala/build.sbt
2026.09.19 17:58:13 INFO  no build target found for C:\Users\ruben\Documents\GitHub\practica-scala\parte1\vscode\scala-vscode\src\main\scala\build.sbt. Using presentation compiler with project's scala-library version: 3.9.0
2026.09.19 17:58:22 INFO  Shutting down server
2026.09.19 17:58:22 INFO  Memory monitor stopped
2026.09.19 17:58:22 INFO  shutting down Metals
2026.09.19 17:58:22 INFO  Shut down connection with build server.
2026.09.19 17:58:22 INFO  BSP server: Sep 19, 2026 5:58:22 PM org.eclipse.lsp4j.jsonrpc.RemoteEndpoint handleNotification
2026.09.19 17:58:22 INFO  BSP server: WARNING: Notification threw an exception: {
2026.09.19 17:58:22 INFO  BSP server:   "jsonrpc": "2.0",
2026.09.19 17:58:22 INFO  Exiting server
