2026.09.17 09:35:38 INFO  Started: Metals version 1.6.9 in folders 'C:\Users\AlumnoM_AI\Desktop\practica-scala\parte1\vscode\scala-vscode' for client Visual Studio Code 1.138.0.
2026.09.17 09:35:38 INFO  Memory monitor started
2026.09.17 09:35:38 WARN  Using H2 2.5.250 which is newer than the version Flyway has been verified with. The latest verified version of H2 is 2.3.232.
2026.09.17 09:35:38 INFO  no build target found for C:\Users\AlumnoM_AI\Desktop\practica-scala\parte1\vscode\scala-vscode\src\main\scala\Main.scala. Using presentation compiler with project's scala-library version: 3.3.8
sept 17, 2026 9:35:41 A. M. org.eclipse.lsp4j.jsonrpc.RemoteEndpoint handleCancellation
ADVERTENCIA: Unmatched cancel notification for request id 2
sept 17, 2026 9:35:41 A. M. org.eclipse.lsp4j.jsonrpc.RemoteEndpoint handleCancellation
ADVERTENCIA: Unmatched cancel notification for request id 6
sept 17, 2026 9:35:41 A. M. org.eclipse.lsp4j.jsonrpc.RemoteEndpoint handleCancellation
ADVERTENCIA: Unmatched cancel notification for request id 1
2026.09.17 09:35:41 INFO  no build target found for C:\Users\AlumnoM_AI\Desktop\practica-scala\parte1\vscode\scala-vscode\src\main\scala\Main.scala. Using presentation compiler with project's scala-library version: 3.3.8
2026.09.17 09:35:42 INFO  Running List(C:\Users\AlumnoM_AI\AppData\Local\Coursier\data\bin\scala-cli.BAT, setup-ide, C:\Users\AlumnoM_AI\Desktop\practica-scala\parte1\vscode\scala-vscode)
2026.09.17 09:35:42 INFO  Attempting to connect to the build server...
2026.09.17 09:35:42 INFO  Running BSP server List(C:\Users\AlumnoM_AI\AppData\Local\Coursier\data\bin\.scala-cli.aux.exe, bsp, --json-options, C:\Users\AlumnoM_AI\Desktop\practica-scala\parte1\vscode\scala-vscode\.scala-build\ide-options-v2.json, --json-launcher-options, C:\Users\AlumnoM_AI\Desktop\practica-scala\parte1\vscode\scala-vscode\.scala-build\ide-launcher-options.json, --envs-file, C:\Users\AlumnoM_AI\Desktop\practica-scala\parte1\vscode\scala-vscode\.scala-build\ide-envs.json, C:\Users\AlumnoM_AI\Desktop\practica-scala\parte1\vscode\scala-vscode)
2026.09.17 09:35:42 INFO  Tracing is disabled for protocol BSP. To enable tracing of incoming and outgoing JSON messages, create an empty file at C:\Users\AlumnoM_AI\Desktop\practica-scala\parte1\vscode\scala-vscode\.metals\bsp.trace.json or C:\Users\AlumnoM_AI\AppData\Local\scalameta\metals\cache\bsp.trace.json
2026.09.17 09:35:42 INFO  no build target found for C:\Users\AlumnoM_AI\Desktop\practica-scala\parte1\vscode\scala-vscode\src\main\scala\Main.scala. Using presentation compiler with project's scala-library version: 3.3.8
2026.09.17 09:35:42 WARN  no build target for: C:\Users\AlumnoM_AI\Desktop\practica-scala\parte1\vscode\scala-vscode\src\main\scala\Main.scala
2026.09.17 09:35:42 INFO  no build target found for C:\Users\AlumnoM_AI\Desktop\practica-scala\parte1\vscode\scala-vscode\src\main\scala\Main.scala. Using presentation compiler with project's scala-library version: 3.3.8
2026.09.17 09:35:42 INFO  no build target found for C:\Users\AlumnoM_AI\Desktop\practica-scala\parte1\vscode\scala-vscode\src\main\scala\Main.scala. Using presentation compiler with project's scala-library version: 3.3.8
2026.09.17 09:35:42 INFO  no build target found for C:\Users\AlumnoM_AI\Desktop\practica-scala\parte1\vscode\scala-vscode\src\main\scala\Main.scala. Using presentation compiler with project's scala-library version: 3.3.8
2026.09.17 09:35:43 INFO  BSP server: Downloading https://repo1.maven.org/maven2/ch/epfl/scala/bloop-frontend_2.12/2.1.2/bloop-frontend_2.12-2.1.2.pom
2026.09.17 09:35:43 INFO  BSP server: Downloaded https://repo1.maven.org/maven2/ch/epfl/scala/bloop-frontend_2.12/2.1.2/bloop-frontend_2.12-2.1.2.pom
2026.09.17 09:35:43 INFO  BSP server: Downloading https://repo1.maven.org/maven2/ch/epfl/scala/scala-debug-adapter_2.12/4.2.13/scala-debug-adapter_2.12-4.2.13.pom
2026.09.17 09:35:43 INFO  BSP server: Downloading https://repo1.maven.org/maven2/com/github/alexarchambault/case-app_2.12/2.0.6/case-app_2.12-2.0.6.pom
2026.09.17 09:35:43 INFO  BSP server: Downloading https://repo1.maven.org/maven2/ch/epfl/scala/bloop-shared_2.12/2.1.2/bloop-shared_2.12-2.1.2.pom
2026.09.17 09:35:43 INFO  BSP server: Downloading https://repo1.maven.org/maven2/io/monix/monix_2.12/3.2.0/monix_2.12-3.2.0.pom
2026.09.17 09:35:43 INFO  BSP server: Downloading https://repo1.maven.org/maven2/ch/epfl/scala/libdaemon_2.12/0.0.12/libdaemon_2.12-0.0.12.pom
2026.09.17 09:35:43 INFO  BSP server: Downloading https://repo1.maven.org/maven2/ch/epfl/scala/bloop-config_2.12/2.3.3/bloop-config_2.12-2.3.3.pom
2026.09.17 09:35:43 INFO  BSP server: Downloaded https://repo1.maven.org/maven2/ch/epfl/scala/scala-debug-adapter_2.12/4.2.13/scala-debug-adapter_2.12-4.2.13.pom
2026.09.17 09:35:43 INFO  BSP server: Downloading https://repo1.maven.org/maven2/ch/epfl/scala/bloop-backend_2.12/2.1.2/bloop-backend_2.12-2.1.2.pom
2026.09.17 09:35:43 INFO  BSP server: Downloaded https://repo1.maven.org/maven2/com/github/alexarchambault/case-app_2.12/2.0.6/case-app_2.12-2.0.6.pom
2026.09.17 09:35:43 INFO  BSP server: Downloading https://repo1.maven.org/maven2/ch/qos/logback/logback-classic/1.6.3/logback-classic-1.6.3.pom
2026.09.17 09:35:43 INFO  BSP server: Downloaded https://repo1.maven.org/maven2/io/monix/monix_2.12/3.2.0/monix_2.12-3.2.0.pom
2026.09.17 09:35:43 INFO  BSP server: Downloading https://repo1.maven.org/maven2/org/scalaz/scalaz-core_2.12/7.3.9/scalaz-core_2.12-7.3.9.pom
2026.09.17 09:35:43 INFO  BSP server: Downloaded https://repo1.maven.org/maven2/ch/epfl/scala/bloop-shared_2.12/2.1.2/bloop-shared_2.12-2.1.2.pom
2026.09.17 09:35:43 INFO  BSP server: Downloading https://repo1.maven.org/maven2/com/github/sbt/junit/jupiter-interface/0.19.0/jupiter-interface-0.19.0.pom
2026.09.17 09:35:43 INFO  BSP server: Downloaded https://repo1.maven.org/maven2/ch/epfl/scala/bloop-backend_2.12/2.1.2/bloop-backend_2.12-2.1.2.pom
2026.09.17 09:35:43 INFO  BSP server: Downloaded https://repo1.maven.org/maven2/ch/epfl/scala/libdaemon_2.12/0.0.12/libdaemon_2.12-0.0.12.pom
2026.09.17 09:35:43 INFO  BSP server: Downloaded https://repo1.maven.org/maven2/ch/epfl/scala/bloop-config_2.12/2.3.3/bloop-config_2.12-2.3.3.pom
2026.09.17 09:35:43 INFO  BSP server: Downloaded https://repo1.maven.org/maven2/ch/qos/logback/logback-classic/1.6.3/logback-classic-1.6.3.pom
2026.09.17 09:35:43 INFO  BSP server: Downloaded https://repo1.maven.org/maven2/org/scalaz/scalaz-core_2.12/7.3.9/scalaz-core_2.12-7.3.9.pom
2026.09.17 09:35:43 INFO  BSP server: Downloaded https://repo1.maven.org/maven2/com/github/sbt/junit/jupiter-interface/0.19.0/jupiter-interface-0.19.0.pom
2026.09.17 09:35:43 INFO  BSP server: Downloading https://repo1.maven.org/maven2/ch/qos/logback/logback-parent/1.6.3/logback-parent-1.6.3.pom
2026.09.17 09:35:43 INFO  BSP server: Downloaded https://repo1.maven.org/maven2/ch/qos/logback/logback-parent/1.6.3/logback-parent-1.6.3.pom
2026.09.17 09:35:43 INFO  BSP server: Downloading https://repo1.maven.org/maven2/io/github/alexarchambault/bleep/nailgun-server/1.0.7/nailgun-server-1.0.7.pom
2026.09.17 09:35:43 INFO  BSP server: Downloading https://repo1.maven.org/maven2/org/junit/platform/junit-platform-launcher/6.0.3/junit-platform-launcher-6.0.3.pom
2026.09.17 09:35:43 INFO  BSP server: Downloading https://repo1.maven.org/maven2/io/monix/monix-catnap_2.12/3.2.0/monix-catnap_2.12-3.2.0.pom
2026.09.17 09:35:43 INFO  BSP server: Downloading https://repo1.maven.org/maven2/io/get-coursier/util/directories-jni/0.1.2/directories-jni-0.1.2.pom
2026.09.17 09:35:43 INFO  BSP server: Downloading https://repo1.maven.org/maven2/io/monix/monix-execution_2.12/3.2.0/monix-execution_2.12-3.2.0.pom
2026.09.17 09:35:43 INFO  BSP server: Downloading https://repo1.maven.org/maven2/io/monix/monix-reactive_2.12/3.2.0/monix-reactive_2.12-3.2.0.pom
2026.09.17 09:35:43 INFO  BSP server: Downloaded https://repo1.maven.org/maven2/io/monix/monix-catnap_2.12/3.2.0/monix-catnap_2.12-3.2.0.pom
2026.09.17 09:35:43 INFO  BSP server: Downloading https://repo1.maven.org/maven2/io/github/alexarchambault/bleep/jsonrpc4s_2.12/0.1.1/jsonrpc4s_2.12-0.1.1.pom
2026.09.17 09:35:43 INFO  BSP server: Downloaded https://repo1.maven.org/maven2/io/monix/monix-execution_2.12/3.2.0/monix-execution_2.12-3.2.0.pom
2026.09.17 09:35:43 INFO  BSP server: Downloading https://repo1.maven.org/maven2/org/scala-sbt/librarymanagement-ivy_2.12/1.12.3/librarymanagement-ivy_2.12-1.12.3.pom
2026.09.17 09:35:43 INFO  BSP server: Downloaded https://repo1.maven.org/maven2/org/junit/platform/junit-platform-launcher/6.0.3/junit-platform-launcher-6.0.3.pom
2026.09.17 09:35:43 INFO  BSP server: Downloading https://repo1.maven.org/maven2/com/lihaoyi/unroll-annotation_2.12/0.1.12/unroll-annotation_2.12-0.1.12.pom
2026.09.17 09:35:43 INFO  BSP server: Downloaded https://repo1.maven.org/maven2/io/get-coursier/util/directories-jni/0.1.2/directories-jni-0.1.2.pom
2026.09.17 09:35:43 INFO  BSP server: Downloading https://repo1.maven.org/maven2/org/scalameta/parsers_2.12/4.17.3/parsers_2.12-4.17.3.pom
2026.09.17 09:35:43 INFO  BSP server: Downloaded https://repo1.maven.org/maven2/io/github/alexarchambault/bleep/nailgun-server/1.0.7/nailgun-server-1.0.7.pom
2026.09.17 09:35:43 INFO  BSP server: Downloading https://repo1.maven.org/maven2/com/github/plokhotnyuk/jsoniter-scala/jsoniter-scala-macros_2.12/2.13.3.2/jsoniter-scala-macros_2.12-2.13.3.2.pom
2026.09.17 09:35:43 INFO  BSP server: Downloaded https://repo1.maven.org/maven2/io/monix/monix-reactive_2.12/3.2.0/monix-reactive_2.12-3.2.0.pom
2026.09.17 09:35:43 INFO  BSP server: Downloading https://repo1.maven.org/maven2/net/jpountz/lz4/lz4/1.3.0/lz4-1.3.0.pom
2026.09.17 09:35:43 INFO  BSP server: Downloaded https://repo1.maven.org/maven2/org/scala-sbt/librarymanagement-ivy_2.12/1.12.3/librarymanagement-ivy_2.12-1.12.3.pom
2026.09.17 09:35:43 INFO  BSP server: Downloading https://repo1.maven.org/maven2/com/lihaoyi/pprint_2.12/0.9.6/pprint_2.12-0.9.6.pom
2026.09.17 09:35:43 INFO  BSP server: Downloaded https://repo1.maven.org/maven2/com/lihaoyi/unroll-annotation_2.12/0.1.12/unroll-annotation_2.12-0.1.12.pom
2026.09.17 09:35:43 INFO  BSP server: Downloading https://repo1.maven.org/maven2/ch/epfl/scala/directory-watcher/0.8.0+6-f651bd93/directory-watcher-0.8.0+6-f651bd93.pom
2026.09.17 09:35:43 INFO  BSP server: Downloaded https://repo1.maven.org/maven2/com/github/plokhotnyuk/jsoniter-scala/jsoniter-scala-macros_2.12/2.13.3.2/jsoniter-scala-macros_2.12-2.13.3.2.pom
2026.09.17 09:35:43 INFO  BSP server: Downloading https://repo1.maven.org/maven2/org/scala-sbt/zinc_2.12/1.12.1/zinc_2.12-1.12.1.pom
2026.09.17 09:35:43 INFO  BSP server: Downloaded https://repo1.maven.org/maven2/net/jpountz/lz4/lz4/1.3.0/lz4-1.3.0.pom
2026.09.17 09:35:43 INFO  BSP server: Downloading https://repo1.maven.org/maven2/com/github/alexarchambault/case-app-annotations_2.12/2.0.6/case-app-annotations_2.12-2.0.6.pom
2026.09.17 09:35:43 INFO  BSP server: Downloaded https://repo1.maven.org/maven2/io/github/alexarchambault/bleep/jsonrpc4s_2.12/0.1.1/jsonrpc4s_2.12-0.1.1.pom
2026.09.17 09:35:43 INFO  BSP server: Downloading https://repo1.maven.org/maven2/org/apache/logging/log4j/log4j-core/2.26.1/log4j-core-2.26.1.pom
2026.09.17 09:35:43 INFO  BSP server: Downloaded https://repo1.maven.org/maven2/org/scalameta/parsers_2.12/4.17.3/parsers_2.12-4.17.3.pom
2026.09.17 09:35:43 INFO  BSP server: Downloading https://repo1.maven.org/maven2/io/zipkin/brave/brave/5.18.1/brave-5.18.1.pom
2026.09.17 09:35:43 INFO  BSP server: Downloaded https://repo1.maven.org/maven2/com/lihaoyi/pprint_2.12/0.9.6/pprint_2.12-0.9.6.pom
2026.09.17 09:35:43 INFO  BSP server: Downloading https://repo1.maven.org/maven2/org/scala-sbt/test-agent/1.12.15/test-agent-1.12.15.pom
2026.09.17 09:35:43 INFO  BSP server: Downloaded https://repo1.maven.org/maven2/ch/epfl/scala/directory-watcher/0.8.0+6-f651bd93/directory-watcher-0.8.0+6-f651bd93.pom
2026.09.17 09:35:43 INFO  BSP server: Downloading https://repo1.maven.org/maven2/io/get-coursier/interface/1.0.28/interface-1.0.28.pom
2026.09.17 09:35:43 INFO  BSP server: Downloaded https://repo1.maven.org/maven2/org/apache/logging/log4j/log4j-core/2.26.1/log4j-core-2.26.1.pom
2026.09.17 09:35:43 INFO  BSP server: Downloading https://repo1.maven.org/maven2/io/monix/monix-tail_2.12/3.2.0/monix-tail_2.12-3.2.0.pom
2026.09.17 09:35:43 INFO  BSP server: Downloaded https://repo1.maven.org/maven2/org/scala-sbt/zinc_2.12/1.12.1/zinc_2.12-1.12.1.pom
2026.09.17 09:35:43 INFO  BSP server: Downloading https://repo1.maven.org/maven2/io/zipkin/reporter2/zipkin-sender-urlconnection/2.17.2/zipkin-sender-urlconnection-2.17.2.pom
2026.09.17 09:35:43 INFO  BSP server: Downloaded https://repo1.maven.org/maven2/io/zipkin/brave/brave/5.18.1/brave-5.18.1.pom
2026.09.17 09:35:43 INFO  BSP server: Downloading https://repo1.maven.org/maven2/org/junit/jupiter/junit-jupiter-engine/6.0.3/junit-jupiter-engine-6.0.3.pom
2026.09.17 09:35:43 INFO  BSP server: Downloaded https://repo1.maven.org/maven2/com/github/alexarchambault/case-app-annotations_2.12/2.0.6/case-app-annotations_2.12-2.0.6.pom
2026.09.17 09:35:43 INFO  BSP server: Downloading https://repo1.maven.org/maven2/ch/epfl/scala/bsp4s_2.12/2.1.1/bsp4s_2.12-2.1.1.pom
2026.09.17 09:35:43 INFO  BSP server: Downloaded https://repo1.maven.org/maven2/org/scala-sbt/test-agent/1.12.15/test-agent-1.12.15.pom
2026.09.17 09:35:43 INFO  BSP server: Downloading https://repo1.maven.org/maven2/org/zeroturnaround/zt-zip/1.18.2/zt-zip-1.18.2.pom
2026.09.17 09:35:43 INFO  BSP server: Downloaded https://repo1.maven.org/maven2/io/get-coursier/interface/1.0.28/interface-1.0.28.pom
2026.09.17 09:35:43 INFO  BSP server: Downloading https://repo1.maven.org/maven2/com/github/alexarchambault/case-app-util_2.12/2.0.6/case-app-util_2.12-2.0.6.pom
2026.09.17 09:35:43 INFO  BSP server: Downloaded https://repo1.maven.org/maven2/io/monix/monix-tail_2.12/3.2.0/monix-tail_2.12-3.2.0.pom
2026.09.17 09:35:43 INFO  BSP server: Downloaded https://repo1.maven.org/maven2/io/zipkin/reporter2/zipkin-sender-urlconnection/2.17.2/zipkin-sender-urlconnection-2.17.2.pom
2026.09.17 09:35:43 INFO  BSP server: Downloading https://repo1.maven.org/maven2/ch/qos/logback/logback-core/1.6.3/logback-core-1.6.3.pom
2026.09.17 09:35:43 INFO  BSP server: Downloading https://repo1.maven.org/maven2/io/monix/monix-java_2.12/3.2.0/monix-java_2.12-3.2.0.pom
2026.09.17 09:35:43 INFO  BSP server: Downloaded https://repo1.maven.org/maven2/org/junit/jupiter/junit-jupiter-engine/6.0.3/junit-jupiter-engine-6.0.3.pom
2026.09.17 09:35:43 INFO  BSP server: Downloading https://repo1.maven.org/maven2/io/monix/monix-eval_2.12/3.2.0/monix-eval_2.12-3.2.0.pom
2026.09.17 09:35:43 INFO  BSP server: Downloaded https://repo1.maven.org/maven2/ch/epfl/scala/bsp4s_2.12/2.1.1/bsp4s_2.12-2.1.1.pom
2026.09.17 09:35:43 INFO  BSP server: Downloaded https://repo1.maven.org/maven2/org/zeroturnaround/zt-zip/1.18.2/zt-zip-1.18.2.pom
2026.09.17 09:35:43 INFO  BSP server: Downloaded https://repo1.maven.org/maven2/com/github/alexarchambault/case-app-util_2.12/2.0.6/case-app-util_2.12-2.0.6.pom
2026.09.17 09:35:43 INFO  BSP server: Downloaded https://repo1.maven.org/maven2/ch/qos/logback/logback-core/1.6.3/logback-core-1.6.3.pom
2026.09.17 09:35:43 INFO  BSP server: Downloaded https://repo1.maven.org/maven2/io/monix/monix-eval_2.12/3.2.0/monix-eval_2.12-3.2.0.pom
2026.09.17 09:35:43 INFO  BSP server: Downloaded https://repo1.maven.org/maven2/io/monix/monix-java_2.12/3.2.0/monix-java_2.12-3.2.0.pom
2026.09.17 09:35:43 INFO  BSP server: Downloading https://repo1.maven.org/maven2/org/apache/logging/log4j/log4j/2.26.1/log4j-2.26.1.pom
2026.09.17 09:35:43 INFO  BSP server: Downloading https://repo1.maven.org/maven2/io/zipkin/reporter2/zipkin-reporter-parent/2.17.2/zipkin-reporter-parent-2.17.2.pom
2026.09.17 09:35:43 INFO  BSP server: Downloading https://repo1.maven.org/maven2/io/zipkin/brave/brave-parent/5.18.1/brave-parent-5.18.1.pom
2026.09.17 09:35:43 INFO  BSP server: Downloaded https://repo1.maven.org/maven2/org/apache/logging/log4j/log4j/2.26.1/log4j-2.26.1.pom
2026.09.17 09:35:43 INFO  BSP server: Downloaded https://repo1.maven.org/maven2/io/zipkin/brave/brave-parent/5.18.1/brave-parent-5.18.1.pom
2026.09.17 09:35:43 INFO  BSP server: Downloaded https://repo1.maven.org/maven2/io/zipkin/reporter2/zipkin-reporter-parent/2.17.2/zipkin-reporter-parent-2.17.2.pom
2026.09.17 09:35:43 INFO  BSP server: Downloading https://repo1.maven.org/maven2/org/apache/logging/log4j/log4j-bom/2.26.1/log4j-bom-2.26.1.pom
2026.09.17 09:35:43 INFO  BSP server: Downloaded https://repo1.maven.org/maven2/org/apache/logging/log4j/log4j-bom/2.26.1/log4j-bom-2.26.1.pom
2026.09.17 09:35:43 INFO  BSP server: Downloading https://repo1.maven.org/maven2/com/fasterxml/jackson/jackson-bom/2.19.2/jackson-bom-2.19.2.pom
2026.09.17 09:35:43 INFO  BSP server: Downloading https://repo1.maven.org/maven2/jakarta/platform/jakarta.jakartaee-bom/9.1.0/jakarta.jakartaee-bom-9.1.0.pom
2026.09.17 09:35:43 INFO  BSP server: Downloading https://repo1.maven.org/maven2/org/springframework/spring-framework-bom/5.3.39/spring-framework-bom-5.3.39.pom
2026.09.17 09:35:43 INFO  BSP server: Downloading https://repo1.maven.org/maven2/org/mockito/mockito-bom/4.11.0/mockito-bom-4.11.0.pom
2026.09.17 09:35:43 INFO  BSP server: Downloading https://repo1.maven.org/maven2/org/apache/groovy/groovy-bom/4.0.27/groovy-bom-4.0.27.pom
2026.09.17 09:35:43 INFO  BSP server: Downloaded https://repo1.maven.org/maven2/com/fasterxml/jackson/jackson-bom/2.19.2/jackson-bom-2.19.2.pom
2026.09.17 09:35:43 INFO  BSP server: Downloaded https://repo1.maven.org/maven2/jakarta/platform/jakarta.jakartaee-bom/9.1.0/jakarta.jakartaee-bom-9.1.0.pom
2026.09.17 09:35:43 INFO  BSP server: Downloaded https://repo1.maven.org/maven2/org/mockito/mockito-bom/4.11.0/mockito-bom-4.11.0.pom
2026.09.17 09:35:43 INFO  BSP server: Downloaded https://repo1.maven.org/maven2/org/apache/groovy/groovy-bom/4.0.27/groovy-bom-4.0.27.pom
2026.09.17 09:35:43 INFO  BSP server: Downloaded https://repo1.maven.org/maven2/org/springframework/spring-framework-bom/5.3.39/spring-framework-bom-5.3.39.pom
2026.09.17 09:35:43 INFO  BSP server: Downloading https://repo1.maven.org/maven2/jakarta/platform/jakartaee-api-parent/9.1.0/jakartaee-api-parent-9.1.0.pom
2026.09.17 09:35:43 INFO  BSP server: Downloading https://repo1.maven.org/maven2/com/fasterxml/jackson/jackson-parent/2.19.3/jackson-parent-2.19.3.pom
2026.09.17 09:35:43 INFO  BSP server: Downloaded https://repo1.maven.org/maven2/com/fasterxml/jackson/jackson-parent/2.19.3/jackson-parent-2.19.3.pom
2026.09.17 09:35:43 INFO  BSP server: Downloaded https://repo1.maven.org/maven2/jakarta/platform/jakartaee-api-parent/9.1.0/jakartaee-api-parent-9.1.0.pom
2026.09.17 09:35:43 INFO  BSP server: Downloading https://repo1.maven.org/maven2/com/fasterxml/oss-parent/69/oss-parent-69.pom
2026.09.17 09:35:43 INFO  BSP server: Downloaded https://repo1.maven.org/maven2/com/fasterxml/oss-parent/69/oss-parent-69.pom
2026.09.17 09:35:43 INFO  BSP server: Downloading https://repo1.maven.org/maven2/io/zipkin/reporter2/zipkin-reporter-brave/2.17.2/zipkin-reporter-brave-2.17.2.pom
2026.09.17 09:35:43 INFO  BSP server: Downloading https://repo1.maven.org/maven2/org/jctools/jctools-core/2.1.2/jctools-core-2.1.2.pom
2026.09.17 09:35:43 INFO  BSP server: Downloading https://repo1.maven.org/maven2/org/scalameta/trees_2.12/4.17.3/trees_2.12-4.17.3.pom
2026.09.17 09:35:43 INFO  BSP server: Downloading https://repo1.maven.org/maven2/io/get-coursier/util/directories/0.1.2/directories-0.1.2.pom
2026.09.17 09:35:43 INFO  BSP server: Downloading https://repo1.maven.org/maven2/org/scala-sbt/librarymanagement-core_2.12/1.12.3/librarymanagement-core_2.12-1.12.3.pom
2026.09.17 09:35:43 INFO  BSP server: Downloading https://repo1.maven.org/maven2/org/apache/logging/log4j/log4j-api/2.26.1/log4j-api-2.26.1.pom
2026.09.17 09:35:44 INFO  BSP server: Downloaded https://repo1.maven.org/maven2/org/scalameta/trees_2.12/4.17.3/trees_2.12-4.17.3.pom
2026.09.17 09:35:44 INFO  BSP server: Downloading https://repo1.maven.org/maven2/net/java/dev/jna/jna-platform/4.4.0/jna-platform-4.4.0.pom
2026.09.17 09:35:44 INFO  BSP server: Downloaded https://repo1.maven.org/maven2/io/zipkin/reporter2/zipkin-reporter-brave/2.17.2/zipkin-reporter-brave-2.17.2.pom
2026.09.17 09:35:44 INFO  BSP server: Downloading https://repo1.maven.org/maven2/org/apiguardian/apiguardian-api/1.1.2/apiguardian-api-1.1.2.pom
2026.09.17 09:35:44 INFO  BSP server: Downloaded https://repo1.maven.org/maven2/org/jctools/jctools-core/2.1.2/jctools-core-2.1.2.pom
2026.09.17 09:35:44 INFO  BSP server: Downloading https://repo1.maven.org/maven2/org/junit/jupiter/junit-jupiter-api/6.0.3/junit-jupiter-api-6.0.3.pom
2026.09.17 09:35:44 INFO  BSP server: Downloaded https://repo1.maven.org/maven2/io/get-coursier/util/directories/0.1.2/directories-0.1.2.pom
2026.09.17 09:35:44 INFO  BSP server: Downloading https://repo1.maven.org/maven2/org/scala-sbt/zinc-compile-core_2.12/1.12.1/zinc-compile-core_2.12-1.12.1.pom
2026.09.17 09:35:44 INFO  BSP server: Downloaded https://repo1.maven.org/maven2/org/scala-sbt/librarymanagement-core_2.12/1.12.3/librarymanagement-core_2.12-1.12.3.pom
2026.09.17 09:35:44 INFO  BSP server: Downloading https://repo1.maven.org/maven2/org/scala-sbt/zinc-persist_2.12/1.12.1/zinc-persist_2.12-1.12.1.pom
2026.09.17 09:35:44 INFO  BSP server: Downloaded https://repo1.maven.org/maven2/org/apache/logging/log4j/log4j-api/2.26.1/log4j-api-2.26.1.pom
2026.09.17 09:35:44 INFO  BSP server: Downloading https://repo1.maven.org/maven2/org/scala-sbt/zinc-classfile_2.12/1.12.1/zinc-classfile_2.12-1.12.1.pom
2026.09.17 09:35:44 INFO  BSP server: Downloaded https://repo1.maven.org/maven2/net/java/dev/jna/jna-platform/4.4.0/jna-platform-4.4.0.pom
2026.09.17 09:35:44 INFO  BSP server: Downloading https://repo1.maven.org/maven2/com/outr/scribe_2.12/3.5.5/scribe_2.12-3.5.5.pom
2026.09.17 09:35:44 INFO  BSP server: Downloaded https://repo1.maven.org/maven2/org/apiguardian/apiguardian-api/1.1.2/apiguardian-api-1.1.2.pom
2026.09.17 09:35:44 INFO  BSP server: Downloading https://repo1.maven.org/maven2/io/zipkin/reporter2/zipkin-reporter/2.17.2/zipkin-reporter-2.17.2.pom
2026.09.17 09:35:44 INFO  BSP server: Downloaded https://repo1.maven.org/maven2/org/junit/jupiter/junit-jupiter-api/6.0.3/junit-jupiter-api-6.0.3.pom
2026.09.17 09:35:44 INFO  BSP server: Downloading https://repo1.maven.org/maven2/org/typelevel/cats-effect_2.12/2.1.3/cats-effect_2.12-2.1.3.pom
2026.09.17 09:35:44 INFO  BSP server: Downloaded https://repo1.maven.org/maven2/org/scala-sbt/zinc-compile-core_2.12/1.12.1/zinc-compile-core_2.12-1.12.1.pom
2026.09.17 09:35:44 INFO  BSP server: Downloading https://repo1.maven.org/maven2/org/junit/platform/junit-platform-engine/6.0.3/junit-platform-engine-6.0.3.pom
2026.09.17 09:35:44 INFO  BSP server: Downloaded https://repo1.maven.org/maven2/org/scala-sbt/zinc-persist_2.12/1.12.1/zinc-persist_2.12-1.12.1.pom
2026.09.17 09:35:44 INFO  BSP server: Downloading https://repo1.maven.org/maven2/io/monix/implicitbox_2.12/0.2.0/implicitbox_2.12-0.2.0.pom
2026.09.17 09:35:44 INFO  BSP server: Downloaded https://repo1.maven.org/maven2/com/outr/scribe_2.12/3.5.5/scribe_2.12-3.5.5.pom
2026.09.17 09:35:44 INFO  BSP server: Downloading https://repo1.maven.org/maven2/com/chuusai/shapeless_2.12/2.3.3/shapeless_2.12-2.3.3.pom
2026.09.17 09:35:44 INFO  BSP server: Downloaded https://repo1.maven.org/maven2/org/scala-sbt/zinc-classfile_2.12/1.12.1/zinc-classfile_2.12-1.12.1.pom
2026.09.17 09:35:44 INFO  BSP server: Downloading https://repo1.maven.org/maven2/io/zipkin/zipkin2/zipkin/2.27.0/zipkin-2.27.0.pom
2026.09.17 09:35:44 INFO  BSP server: Downloaded https://repo1.maven.org/maven2/org/typelevel/cats-effect_2.12/2.1.3/cats-effect_2.12-2.1.3.pom
2026.09.17 09:35:44 INFO  BSP server: Downloaded https://repo1.maven.org/maven2/io/zipkin/reporter2/zipkin-reporter/2.17.2/zipkin-reporter-2.17.2.pom
2026.09.17 09:35:44 INFO  BSP server: Downloading https://repo1.maven.org/maven2/org/scala-sbt/zinc-core_2.12/1.12.1/zinc-core_2.12-1.12.1.pom
2026.09.17 09:35:44 INFO  BSP server: Downloaded https://repo1.maven.org/maven2/io/monix/implicitbox_2.12/0.2.0/implicitbox_2.12-0.2.0.pom
2026.09.17 09:35:44 INFO  BSP server: Downloaded https://repo1.maven.org/maven2/org/junit/platform/junit-platform-engine/6.0.3/junit-platform-engine-6.0.3.pom
2026.09.17 09:35:44 INFO  BSP server: Downloading https://repo1.maven.org/maven2/org/scala-sbt/ivy/ivy/2.3.0-sbt-f686954b0021a5c3245766ced0cdaeca8ba2fd7a/ivy-2.3.0-sbt-f686954b0021a5c3245766ced0cdaeca8ba2fd7a.pom
2026.09.17 09:35:44 INFO  BSP server: Downloaded https://repo1.maven.org/maven2/io/zipkin/zipkin2/zipkin/2.27.0/zipkin-2.27.0.pom
2026.09.17 09:35:44 INFO  BSP server: Downloaded https://repo1.maven.org/maven2/com/chuusai/shapeless_2.12/2.3.3/shapeless_2.12-2.3.3.pom
2026.09.17 09:35:44 INFO  BSP server: Downloaded https://repo1.maven.org/maven2/org/scala-sbt/zinc-core_2.12/1.12.1/zinc-core_2.12-1.12.1.pom
2026.09.17 09:35:44 INFO  BSP server: Downloaded https://repo1.maven.org/maven2/org/scala-sbt/ivy/ivy/2.3.0-sbt-f686954b0021a5c3245766ced0cdaeca8ba2fd7a/ivy-2.3.0-sbt-f686954b0021a5c3245766ced0cdaeca8ba2fd7a.pom
2026.09.17 09:35:44 INFO  BSP server: Downloading https://repo1.maven.org/maven2/io/zipkin/zipkin-parent/2.27.0/zipkin-parent-2.27.0.pom
2026.09.17 09:35:44 INFO  BSP server: Downloaded https://repo1.maven.org/maven2/io/zipkin/zipkin-parent/2.27.0/zipkin-parent-2.27.0.pom
2026.09.17 09:35:44 INFO  BSP server: Downloading https://repo1.maven.org/maven2/org/scala-sbt/util-logging_2.12/1.12.13/util-logging_2.12-1.12.13.pom
2026.09.17 09:35:44 INFO  BSP server: Downloading https://repo1.maven.org/maven2/org/scala-sbt/util-control_2.12/1.12.4/util-control_2.12-1.12.4.pom
2026.09.17 09:35:44 INFO  BSP server: Downloading https://repo1.maven.org/maven2/org/scalameta/trees2_2.12/4.17.3/trees2_2.12-4.17.3.pom
2026.09.17 09:35:44 INFO  BSP server: Downloading https://repo1.maven.org/maven2/org/scala-sbt/util-position_2.12/1.12.13/util-position_2.12-1.12.13.pom
2026.09.17 09:35:44 INFO  BSP server: Downloading https://repo1.maven.org/maven2/org/scala-sbt/zinc-persist-core-assembly/1.12.1/zinc-persist-core-assembly-1.12.1.pom
2026.09.17 09:35:44 INFO  BSP server: Downloading https://repo1.maven.org/maven2/org/scala-sbt/zinc-apiinfo_2.12/1.12.1/zinc-apiinfo_2.12-1.12.1.pom
2026.09.17 09:35:44 INFO  BSP server: Downloaded https://repo1.maven.org/maven2/org/scala-sbt/util-logging_2.12/1.12.13/util-logging_2.12-1.12.13.pom
2026.09.17 09:35:44 INFO  BSP server: Downloading https://repo1.maven.org/maven2/org/scalameta/io_2.12/4.17.3/io_2.12-4.17.3.pom
2026.09.17 09:35:44 INFO  BSP server: Downloaded https://repo1.maven.org/maven2/org/scala-sbt/util-control_2.12/1.12.4/util-control_2.12-1.12.4.pom
2026.09.17 09:35:44 INFO  BSP server: Downloading https://repo1.maven.org/maven2/org/opentest4j/opentest4j/1.3.0/opentest4j-1.3.0.pom
2026.09.17 09:35:44 INFO  BSP server: Downloaded https://repo1.maven.org/maven2/org/scala-sbt/zinc-persist-core-assembly/1.12.1/zinc-persist-core-assembly-1.12.1.pom
2026.09.17 09:35:44 INFO  BSP server: Downloading https://repo1.maven.org/maven2/org/scala-sbt/launcher-interface/1.6.1/launcher-interface-1.6.1.pom
2026.09.17 09:35:44 INFO  BSP server: Downloaded https://repo1.maven.org/maven2/org/scala-sbt/util-position_2.12/1.12.13/util-position_2.12-1.12.13.pom
2026.09.17 09:35:44 INFO  BSP server: Downloading https://repo1.maven.org/maven2/org/typelevel/macro-compat_2.12/1.1.1/macro-compat_2.12-1.1.1.pom
2026.09.17 09:35:44 INFO  BSP server: Downloaded https://repo1.maven.org/maven2/org/scalameta/trees2_2.12/4.17.3/trees2_2.12-4.17.3.pom
2026.09.17 09:35:44 INFO  BSP server: Downloading https://repo1.maven.org/maven2/org/scala-sbt/io_2.12/1.12.2/io_2.12-1.12.2.pom
2026.09.17 09:35:44 INFO  BSP server: Downloaded https://repo1.maven.org/maven2/org/scala-sbt/zinc-apiinfo_2.12/1.12.1/zinc-apiinfo_2.12-1.12.1.pom
2026.09.17 09:35:44 INFO  BSP server: Downloading https://repo1.maven.org/maven2/org/scala-sbt/zinc-classpath_2.12/1.12.1/zinc-classpath_2.12-1.12.1.pom
2026.09.17 09:35:44 INFO  BSP server: Downloaded https://repo1.maven.org/maven2/org/opentest4j/opentest4j/1.3.0/opentest4j-1.3.0.pom
2026.09.17 09:35:44 INFO  BSP server: Downloading https://repo1.maven.org/maven2/org/scala-sbt/util-relation_2.12/1.12.4/util-relation_2.12-1.12.4.pom
2026.09.17 09:35:44 INFO  BSP server: Downloaded https://repo1.maven.org/maven2/org/scalameta/io_2.12/4.17.3/io_2.12-4.17.3.pom
2026.09.17 09:35:44 INFO  BSP server: Downloading https://repo1.maven.org/maven2/org/scala-sbt/compiler-interface/1.12.1/compiler-interface-1.12.1.pom
2026.09.17 09:35:44 INFO  BSP server: Downloaded https://repo1.maven.org/maven2/org/scala-sbt/io_2.12/1.12.2/io_2.12-1.12.2.pom
2026.09.17 09:35:44 INFO  BSP server: Downloading https://repo1.maven.org/maven2/org/scala-sbt/util-cache_2.12/1.12.13/util-cache_2.12-1.12.13.pom
2026.09.17 09:35:44 INFO  BSP server: Downloaded https://repo1.maven.org/maven2/org/scala-sbt/zinc-classpath_2.12/1.12.1/zinc-classpath_2.12-1.12.1.pom
2026.09.17 09:35:44 INFO  BSP server: Downloading https://repo1.maven.org/maven2/org/scalameta/common_2.12/4.17.3/common_2.12-4.17.3.pom
2026.09.17 09:35:44 INFO  BSP server: Downloaded https://repo1.maven.org/maven2/org/scala-sbt/launcher-interface/1.6.1/launcher-interface-1.6.1.pom
2026.09.17 09:35:44 INFO  BSP server: Downloading https://repo1.maven.org/maven2/com/eed3si9n/gigahorse-apache-http_2.12/0.9.4/gigahorse-apache-http_2.12-0.9.4.pom
2026.09.17 09:35:44 INFO  BSP server: Downloaded https://repo1.maven.org/maven2/org/typelevel/macro-compat_2.12/1.1.1/macro-compat_2.12-1.1.1.pom
2026.09.17 09:35:44 INFO  BSP server: Downloaded https://repo1.maven.org/maven2/org/scala-sbt/util-relation_2.12/1.12.4/util-relation_2.12-1.12.4.pom
2026.09.17 09:35:44 INFO  BSP server: Downloading https://repo1.maven.org/maven2/com/google/errorprone/error_prone_annotations/2.48.0/error_prone_annotations-2.48.0.pom
2026.09.17 09:35:44 INFO  BSP server: Downloaded https://repo1.maven.org/maven2/org/scala-sbt/compiler-interface/1.12.1/compiler-interface-1.12.1.pom
2026.09.17 09:35:44 INFO  BSP server: Downloading https://repo1.maven.org/maven2/com/github/mwiede/jsch/2.27.5/jsch-2.27.5.pom
2026.09.17 09:35:44 INFO  BSP server: Downloading https://repo1.maven.org/maven2/com/outr/moduload_2.12/1.1.5/moduload_2.12-1.1.5.pom
2026.09.17 09:35:44 INFO  BSP server: Downloaded https://repo1.maven.org/maven2/org/scala-sbt/util-cache_2.12/1.12.13/util-cache_2.12-1.12.13.pom
2026.09.17 09:35:44 INFO  BSP server: Downloading https://repo1.maven.org/maven2/org/typelevel/cats-core_2.12/2.1.1/cats-core_2.12-2.1.1.pom
2026.09.17 09:35:44 INFO  BSP server: Downloaded https://repo1.maven.org/maven2/org/scalameta/common_2.12/4.17.3/common_2.12-4.17.3.pom
2026.09.17 09:35:44 INFO  BSP server: Downloaded https://repo1.maven.org/maven2/com/google/errorprone/error_prone_annotations/2.48.0/error_prone_annotations-2.48.0.pom
2026.09.17 09:35:44 INFO  BSP server: Downloading https://repo1.maven.org/maven2/org/junit/platform/junit-platform-commons/6.0.3/junit-platform-commons-6.0.3.pom
2026.09.17 09:35:44 INFO  BSP server: Downloaded https://repo1.maven.org/maven2/com/eed3si9n/gigahorse-apache-http_2.12/0.9.4/gigahorse-apache-http_2.12-0.9.4.pom
2026.09.17 09:35:44 INFO  BSP server: Downloading https://repo1.maven.org/maven2/com/outr/perfolation_2.12/1.2.8/perfolation_2.12-1.2.8.pom
2026.09.17 09:35:44 INFO  BSP server: Downloaded https://repo1.maven.org/maven2/com/github/mwiede/jsch/2.27.5/jsch-2.27.5.pom
2026.09.17 09:35:44 INFO  BSP server: Downloaded https://repo1.maven.org/maven2/com/outr/moduload_2.12/1.1.5/moduload_2.12-1.1.5.pom
2026.09.17 09:35:44 INFO  BSP server: Downloaded https://repo1.maven.org/maven2/org/typelevel/cats-core_2.12/2.1.1/cats-core_2.12-2.1.1.pom
2026.09.17 09:35:44 INFO  BSP server: Downloaded https://repo1.maven.org/maven2/org/junit/platform/junit-platform-commons/6.0.3/junit-platform-commons-6.0.3.pom
2026.09.17 09:35:44 INFO  BSP server: Downloaded https://repo1.maven.org/maven2/com/outr/perfolation_2.12/1.2.8/perfolation_2.12-1.2.8.pom
2026.09.17 09:35:45 INFO  no build target found for C:\Users\AlumnoM_AI\Desktop\practica-scala\parte1\vscode\scala-vscode\src\main\scala\Main.scala. Using presentation compiler with project's scala-library version: 3.3.8
2026.09.17 09:35:45 INFO  BSP server: Downloading https://repo1.maven.org/maven2/com/google/errorprone/error_prone_parent/2.48.0/error_prone_parent-2.48.0.pom
2026.09.17 09:35:45 INFO  BSP server: Downloaded https://repo1.maven.org/maven2/com/google/errorprone/error_prone_parent/2.48.0/error_prone_parent-2.48.0.pom
2026.09.17 09:35:45 INFO  BSP server: Downloading https://repo1.maven.org/maven2/org/scala-sbt/util-interface/1.12.13/util-interface-1.12.13.pom
2026.09.17 09:35:45 INFO  BSP server: Downloading https://repo1.maven.org/maven2/org/jline/jline-terminal-jni/3.27.1/jline-terminal-jni-3.27.1.pom
2026.09.17 09:35:45 INFO  BSP server: Downloading https://repo1.maven.org/maven2/org/typelevel/cats-macros_2.12/2.1.1/cats-macros_2.12-2.1.1.pom
2026.09.17 09:35:45 INFO  BSP server: Downloading https://repo1.maven.org/maven2/org/scala-sbt/compiler-bridge_2.12/1.12.1/compiler-bridge_2.12-1.12.1.pom
2026.09.17 09:35:45 INFO  BSP server: Downloading https://repo1.maven.org/maven2/org/scala-sbt/core-macros_2.12/1.12.13/core-macros_2.12-1.12.13.pom
2026.09.17 09:35:45 INFO  BSP server: Downloading https://repo1.maven.org/maven2/com/eed3si9n/shaded-apache-httpclient5/0.9.4/shaded-apache-httpclient5-0.9.4.pom
2026.09.17 09:35:45 INFO  BSP server: Downloaded https://repo1.maven.org/maven2/org/scala-sbt/util-interface/1.12.13/util-interface-1.12.13.pom
2026.09.17 09:35:45 INFO  BSP server: Downloading https://repo1.maven.org/maven2/org/typelevel/cats-kernel_2.12/2.1.1/cats-kernel_2.12-2.1.1.pom
2026.09.17 09:35:45 INFO  BSP server: Downloaded https://repo1.maven.org/maven2/org/jline/jline-terminal-jni/3.27.1/jline-terminal-jni-3.27.1.pom
2026.09.17 09:35:45 INFO  BSP server: Downloading https://repo1.maven.org/maven2/org/scala-sbt/jline/jline/2.14.7-sbt-9a88bc413e2b34a4580c001c654d1a7f4f65bf18/jline-2.14.7-sbt-9a88bc413e2b34a4580c001c654d1a7f4f65bf18.pom
2026.09.17 09:35:45 INFO  BSP server: Downloaded https://repo1.maven.org/maven2/org/typelevel/cats-macros_2.12/2.1.1/cats-macros_2.12-2.1.1.pom
2026.09.17 09:35:45 INFO  BSP server: Downloading https://repo1.maven.org/maven2/org/jline/jline-terminal/3.27.1/jline-terminal-3.27.1.pom
2026.09.17 09:35:45 INFO  BSP server: Downloaded https://repo1.maven.org/maven2/org/scala-sbt/compiler-bridge_2.12/1.12.1/compiler-bridge_2.12-1.12.1.pom
2026.09.17 09:35:45 INFO  BSP server: Downloading https://repo1.maven.org/maven2/org/scala-sbt/collections_2.12/1.12.13/collections_2.12-1.12.13.pom
2026.09.17 09:35:45 INFO  BSP server: Downloaded https://repo1.maven.org/maven2/org/scala-sbt/core-macros_2.12/1.12.13/core-macros_2.12-1.12.13.pom
2026.09.17 09:35:45 INFO  BSP server: Downloading https://repo1.maven.org/maven2/com/eed3si9n/gigahorse-core_2.12/0.9.4/gigahorse-core_2.12-0.9.4.pom
2026.09.17 09:35:45 INFO  BSP server: Downloaded https://repo1.maven.org/maven2/org/typelevel/cats-kernel_2.12/2.1.1/cats-kernel_2.12-2.1.1.pom
2026.09.17 09:35:45 INFO  BSP server: Downloading https://repo1.maven.org/maven2/org/scalameta/common2_2.12/4.17.3/common2_2.12-4.17.3.pom
2026.09.17 09:35:45 INFO  BSP server: Downloaded https://repo1.maven.org/maven2/com/eed3si9n/shaded-apache-httpclient5/0.9.4/shaded-apache-httpclient5-0.9.4.pom
2026.09.17 09:35:45 INFO  BSP server: Downloaded https://repo1.maven.org/maven2/org/scala-sbt/jline/jline/2.14.7-sbt-9a88bc413e2b34a4580c001c654d1a7f4f65bf18/jline-2.14.7-sbt-9a88bc413e2b34a4580c001c654d1a7f4f65bf18.pom
2026.09.17 09:35:45 INFO  BSP server: Downloaded https://repo1.maven.org/maven2/org/jline/jline-terminal/3.27.1/jline-terminal-3.27.1.pom
2026.09.17 09:35:45 INFO  BSP server: Downloading https://repo1.maven.org/maven2/org/jline/jline-native/3.27.1/jline-native-3.27.1.pom
2026.09.17 09:35:45 INFO  BSP server: Downloaded https://repo1.maven.org/maven2/org/scala-sbt/collections_2.12/1.12.13/collections_2.12-1.12.13.pom
2026.09.17 09:35:45 INFO  BSP server: Downloaded https://repo1.maven.org/maven2/com/eed3si9n/gigahorse-core_2.12/0.9.4/gigahorse-core_2.12-0.9.4.pom
2026.09.17 09:35:45 INFO  BSP server: Downloaded https://repo1.maven.org/maven2/org/scalameta/common2_2.12/4.17.3/common2_2.12-4.17.3.pom
2026.09.17 09:35:45 INFO  BSP server: Downloaded https://repo1.maven.org/maven2/org/jline/jline-native/3.27.1/jline-native-3.27.1.pom
2026.09.17 09:35:45 INFO  BSP server: Downloading https://repo1.maven.org/maven2/org/jline/jline-parent/3.27.1/jline-parent-3.27.1.pom
2026.09.17 09:35:45 INFO  BSP server: Downloaded https://repo1.maven.org/maven2/org/jline/jline-parent/3.27.1/jline-parent-3.27.1.pom
2026.09.17 09:35:45 INFO  BSP server: Downloading https://repo1.maven.org/maven2/com/typesafe/ssl-config-core_2.12/0.7.1/ssl-config-core_2.12-0.7.1.pom
2026.09.17 09:35:45 INFO  BSP server: Downloaded https://repo1.maven.org/maven2/com/typesafe/ssl-config-core_2.12/0.7.1/ssl-config-core_2.12-0.7.1.pom
2026.09.17 09:35:45 INFO  BSP server: Downloading https://repo1.maven.org/maven2/com/typesafe/config/1.4.5/config-1.4.5.pom
2026.09.17 09:35:45 INFO  BSP server: Downloaded https://repo1.maven.org/maven2/com/typesafe/config/1.4.5/config-1.4.5.pom
2026.09.17 09:35:45 INFO  BSP server: Downloading https://repo1.maven.org/maven2/org/zeroturnaround/zt-zip/1.18.2/zt-zip-1.18.2.jar
2026.09.17 09:35:45 INFO  BSP server: Downloading https://repo1.maven.org/maven2/org/scalameta/common2_2.12/4.17.3/common2_2.12-4.17.3.jar
2026.09.17 09:35:45 INFO  BSP server: Downloading https://repo1.maven.org/maven2/org/scala-sbt/util-position_2.12/1.12.13/util-position_2.12-1.12.13.jar
2026.09.17 09:35:45 INFO  BSP server: Downloading https://repo1.maven.org/maven2/org/scala-sbt/util-interface/1.12.13/util-interface-1.12.13.jar
2026.09.17 09:35:45 INFO  BSP server: Downloading https://repo1.maven.org/maven2/org/scala-sbt/zinc-apiinfo_2.12/1.12.1/zinc-apiinfo_2.12-1.12.1.jar
2026.09.17 09:35:45 INFO  BSP server: Downloaded https://repo1.maven.org/maven2/org/scala-sbt/util-interface/1.12.13/util-interface-1.12.13.jar
2026.09.17 09:35:45 INFO  BSP server: Downloading https://repo1.maven.org/maven2/com/eed3si9n/gigahorse-core_2.12/0.9.4/gigahorse-core_2.12-0.9.4.jar
2026.09.17 09:35:45 INFO  BSP server: Downloaded https://repo1.maven.org/maven2/org/scala-sbt/util-position_2.12/1.12.13/util-position_2.12-1.12.13.jar
2026.09.17 09:35:45 INFO  BSP server: Downloading https://repo1.maven.org/maven2/io/zipkin/reporter2/zipkin-reporter-brave/2.17.2/zipkin-reporter-brave-2.17.2.jar
2026.09.17 09:35:45 INFO  BSP server: Downloaded https://repo1.maven.org/maven2/org/zeroturnaround/zt-zip/1.18.2/zt-zip-1.18.2.jar
2026.09.17 09:35:45 INFO  BSP server: Downloading https://repo1.maven.org/maven2/org/typelevel/cats-macros_2.12/2.1.1/cats-macros_2.12-2.1.1.jar
2026.09.17 09:35:45 INFO  BSP server: Downloaded https://repo1.maven.org/maven2/org/scala-sbt/zinc-apiinfo_2.12/1.12.1/zinc-apiinfo_2.12-1.12.1.jar
2026.09.17 09:35:45 INFO  BSP server: Downloading https://repo1.maven.org/maven2/org/scala-sbt/util-cache_2.12/1.12.13/util-cache_2.12-1.12.13.jar
2026.09.17 09:35:45 INFO  BSP server: Downloaded https://repo1.maven.org/maven2/org/scalameta/common2_2.12/4.17.3/common2_2.12-4.17.3.jar
2026.09.17 09:35:45 INFO  BSP server: Downloading https://repo1.maven.org/maven2/org/scala-sbt/test-agent/1.12.15/test-agent-1.12.15.jar
2026.09.17 09:35:45 INFO  BSP server: Downloaded https://repo1.maven.org/maven2/io/zipkin/reporter2/zipkin-reporter-brave/2.17.2/zipkin-reporter-brave-2.17.2.jar
2026.09.17 09:35:45 INFO  BSP server: Downloading https://repo1.maven.org/maven2/com/typesafe/ssl-config-core_2.12/0.7.1/ssl-config-core_2.12-0.7.1.jar
2026.09.17 09:35:45 INFO  BSP server: Downloaded https://repo1.maven.org/maven2/org/typelevel/cats-macros_2.12/2.1.1/cats-macros_2.12-2.1.1.jar
2026.09.17 09:35:45 INFO  BSP server: Downloading https://repo1.maven.org/maven2/org/junit/jupiter/junit-jupiter-engine/6.0.3/junit-jupiter-engine-6.0.3.jar
2026.09.17 09:35:45 INFO  BSP server: Downloaded https://repo1.maven.org/maven2/com/eed3si9n/gigahorse-core_2.12/0.9.4/gigahorse-core_2.12-0.9.4.jar
2026.09.17 09:35:45 INFO  BSP server: Downloading https://repo1.maven.org/maven2/org/jctools/jctools-core/2.1.2/jctools-core-2.1.2.jar
2026.09.17 09:35:45 INFO  BSP server: Downloaded https://repo1.maven.org/maven2/org/scala-sbt/util-cache_2.12/1.12.13/util-cache_2.12-1.12.13.jar
2026.09.17 09:35:45 INFO  BSP server: Downloading https://repo1.maven.org/maven2/com/google/errorprone/error_prone_annotations/2.48.0/error_prone_annotations-2.48.0.jar
2026.09.17 09:35:45 INFO  BSP server: Downloaded https://repo1.maven.org/maven2/org/scala-sbt/test-agent/1.12.15/test-agent-1.12.15.jar
2026.09.17 09:35:45 INFO  BSP server: Downloading https://repo1.maven.org/maven2/com/typesafe/config/1.4.5/config-1.4.5.jar
2026.09.17 09:35:45 INFO  BSP server: Downloading https://repo1.maven.org/maven2/ch/epfl/scala/bloop-config_2.12/2.3.3/bloop-config_2.12-2.3.3.jar
2026.09.17 09:35:45 INFO  BSP server: Downloaded https://repo1.maven.org/maven2/com/typesafe/ssl-config-core_2.12/0.7.1/ssl-config-core_2.12-0.7.1.jar
2026.09.17 09:35:45 INFO  BSP server: Downloading https://repo1.maven.org/maven2/org/typelevel/cats-core_2.12/2.1.1/cats-core_2.12-2.1.1.jar
2026.09.17 09:35:45 INFO  BSP server: Downloaded https://repo1.maven.org/maven2/org/junit/jupiter/junit-jupiter-engine/6.0.3/junit-jupiter-engine-6.0.3.jar
2026.09.17 09:35:45 INFO  BSP server: Downloading https://repo1.maven.org/maven2/org/scalameta/trees2_2.12/4.17.3/trees2_2.12-4.17.3.jar
2026.09.17 09:35:45 INFO  BSP server: Downloaded https://repo1.maven.org/maven2/org/jctools/jctools-core/2.1.2/jctools-core-2.1.2.jar
2026.09.17 09:35:45 INFO  BSP server: Downloading https://repo1.maven.org/maven2/org/scala-sbt/zinc_2.12/1.12.1/zinc_2.12-1.12.1.jar
2026.09.17 09:35:45 INFO  BSP server: Downloaded https://repo1.maven.org/maven2/com/typesafe/config/1.4.5/config-1.4.5.jar
2026.09.17 09:35:45 INFO  BSP server: Downloading https://repo1.maven.org/maven2/ch/epfl/scala/bloop-backend_2.12/2.1.2/bloop-backend_2.12-2.1.2.jar
2026.09.17 09:35:45 INFO  BSP server: Downloaded https://repo1.maven.org/maven2/com/google/errorprone/error_prone_annotations/2.48.0/error_prone_annotations-2.48.0.jar
2026.09.17 09:35:45 INFO  BSP server: Downloading https://repo1.maven.org/maven2/org/scala-sbt/util-control_2.12/1.12.4/util-control_2.12-1.12.4.jar
2026.09.17 09:35:45 INFO  BSP server: Downloaded https://repo1.maven.org/maven2/org/scala-sbt/zinc_2.12/1.12.1/zinc_2.12-1.12.1.jar
2026.09.17 09:35:45 INFO  BSP server: Downloading https://repo1.maven.org/maven2/io/zipkin/reporter2/zipkin-reporter/2.17.2/zipkin-reporter-2.17.2.jar
2026.09.17 09:35:45 INFO  BSP server: Downloaded https://repo1.maven.org/maven2/ch/epfl/scala/bloop-config_2.12/2.3.3/bloop-config_2.12-2.3.3.jar
2026.09.17 09:35:45 INFO  BSP server: Downloading https://repo1.maven.org/maven2/com/outr/scribe_2.12/3.5.5/scribe_2.12-3.5.5.jar
2026.09.17 09:35:45 INFO  BSP server: Downloaded https://repo1.maven.org/maven2/org/scala-sbt/util-control_2.12/1.12.4/util-control_2.12-1.12.4.jar
2026.09.17 09:35:45 INFO  BSP server: Downloading https://repo1.maven.org/maven2/org/typelevel/macro-compat_2.12/1.1.1/macro-compat_2.12-1.1.1.jar
2026.09.17 09:35:45 INFO  BSP server: Downloaded https://repo1.maven.org/maven2/ch/epfl/scala/bloop-backend_2.12/2.1.2/bloop-backend_2.12-2.1.2.jar
2026.09.17 09:35:45 INFO  BSP server: Downloading https://repo1.maven.org/maven2/org/scala-sbt/io_2.12/1.12.2/io_2.12-1.12.2.jar
2026.09.17 09:35:45 INFO  BSP server: Downloaded https://repo1.maven.org/maven2/com/outr/scribe_2.12/3.5.5/scribe_2.12-3.5.5.jar
2026.09.17 09:35:45 INFO  BSP server: Downloading https://repo1.maven.org/maven2/ch/epfl/scala/libdaemon_2.12/0.0.12/libdaemon_2.12-0.0.12.jar
2026.09.17 09:35:45 INFO  BSP server: Downloaded https://repo1.maven.org/maven2/io/zipkin/reporter2/zipkin-reporter/2.17.2/zipkin-reporter-2.17.2.jar
2026.09.17 09:35:45 INFO  BSP server: Downloading https://repo1.maven.org/maven2/io/get-coursier/util/directories/0.1.2/directories-0.1.2.jar
2026.09.17 09:35:45 INFO  BSP server: Downloaded https://repo1.maven.org/maven2/org/typelevel/macro-compat_2.12/1.1.1/macro-compat_2.12-1.1.1.jar
2026.09.17 09:35:45 INFO  BSP server: Downloading https://repo1.maven.org/maven2/org/scala-sbt/zinc-persist_2.12/1.12.1/zinc-persist_2.12-1.12.1.jar
2026.09.17 09:35:45 INFO  BSP server: Downloaded https://repo1.maven.org/maven2/ch/epfl/scala/libdaemon_2.12/0.0.12/libdaemon_2.12-0.0.12.jar
2026.09.17 09:35:45 INFO  BSP server: Downloading https://repo1.maven.org/maven2/org/scalameta/common_2.12/4.17.3/common_2.12-4.17.3.jar
2026.09.17 09:35:45 INFO  BSP server: Downloaded https://repo1.maven.org/maven2/io/get-coursier/util/directories/0.1.2/directories-0.1.2.jar
2026.09.17 09:35:45 INFO  BSP server: Downloading https://repo1.maven.org/maven2/io/monix/monix-tail_2.12/3.2.0/monix-tail_2.12-3.2.0.jar
2026.09.17 09:35:45 INFO  BSP server: Downloaded https://repo1.maven.org/maven2/org/scala-sbt/io_2.12/1.12.2/io_2.12-1.12.2.jar
2026.09.17 09:35:45 INFO  BSP server: Downloading https://repo1.maven.org/maven2/io/get-coursier/util/directories-jni/0.1.2/directories-jni-0.1.2.jar
2026.09.17 09:35:45 INFO  BSP server: Downloaded https://repo1.maven.org/maven2/org/scala-sbt/zinc-persist_2.12/1.12.1/zinc-persist_2.12-1.12.1.jar
2026.09.17 09:35:45 INFO  BSP server: Downloading https://repo1.maven.org/maven2/ch/qos/logback/logback-core/1.6.3/logback-core-1.6.3.jar
2026.09.17 09:35:45 INFO  BSP server: Downloaded https://repo1.maven.org/maven2/org/scalameta/common_2.12/4.17.3/common_2.12-4.17.3.jar
2026.09.17 09:35:45 INFO  BSP server: Downloading https://repo1.maven.org/maven2/org/scala-sbt/ivy/ivy/2.3.0-sbt-f686954b0021a5c3245766ced0cdaeca8ba2fd7a/ivy-2.3.0-sbt-f686954b0021a5c3245766ced0cdaeca8ba2fd7a.jar
2026.09.17 09:35:45 INFO  BSP server: Downloaded https://repo1.maven.org/maven2/io/get-coursier/util/directories-jni/0.1.2/directories-jni-0.1.2.jar
2026.09.17 09:35:45 INFO  BSP server: Downloading https://repo1.maven.org/maven2/org/typelevel/cats-kernel_2.12/2.1.1/cats-kernel_2.12-2.1.1.jar
2026.09.17 09:35:45 INFO  BSP server: Downloaded https://repo1.maven.org/maven2/io/monix/monix-tail_2.12/3.2.0/monix-tail_2.12-3.2.0.jar
2026.09.17 09:35:45 INFO  BSP server: Downloading https://repo1.maven.org/maven2/org/scala-sbt/librarymanagement-core_2.12/1.12.3/librarymanagement-core_2.12-1.12.3.jar
2026.09.17 09:35:45 INFO  BSP server: Downloaded https://repo1.maven.org/maven2/ch/qos/logback/logback-core/1.6.3/logback-core-1.6.3.jar
2026.09.17 09:35:45 INFO  BSP server: Downloading https://repo1.maven.org/maven2/org/scala-sbt/jline/jline/2.14.7-sbt-9a88bc413e2b34a4580c001c654d1a7f4f65bf18/jline-2.14.7-sbt-9a88bc413e2b34a4580c001c654d1a7f4f65bf18.jar
2026.09.17 09:35:45 INFO  BSP server: Downloaded https://repo1.maven.org/maven2/org/scala-sbt/ivy/ivy/2.3.0-sbt-f686954b0021a5c3245766ced0cdaeca8ba2fd7a/ivy-2.3.0-sbt-f686954b0021a5c3245766ced0cdaeca8ba2fd7a.jar
2026.09.17 09:35:45 INFO  BSP server: Downloading https://repo1.maven.org/maven2/com/github/plokhotnyuk/jsoniter-scala/jsoniter-scala-macros_2.12/2.13.3.2/jsoniter-scala-macros_2.12-2.13.3.2.jar
2026.09.17 09:35:45 INFO  BSP server: Downloaded https://repo1.maven.org/maven2/org/scala-sbt/librarymanagement-core_2.12/1.12.3/librarymanagement-core_2.12-1.12.3.jar
2026.09.17 09:35:45 INFO  BSP server: Downloading https://repo1.maven.org/maven2/com/lihaoyi/pprint_2.12/0.9.6/pprint_2.12-0.9.6.jar
2026.09.17 09:35:45 INFO  BSP server: Downloaded https://repo1.maven.org/maven2/org/scala-sbt/jline/jline/2.14.7-sbt-9a88bc413e2b34a4580c001c654d1a7f4f65bf18/jline-2.14.7-sbt-9a88bc413e2b34a4580c001c654d1a7f4f65bf18.jar
2026.09.17 09:35:45 INFO  BSP server: Downloading https://repo1.maven.org/maven2/io/monix/monix-eval_2.12/3.2.0/monix-eval_2.12-3.2.0.jar
2026.09.17 09:35:45 INFO  BSP server: Downloaded https://repo1.maven.org/maven2/com/github/plokhotnyuk/jsoniter-scala/jsoniter-scala-macros_2.12/2.13.3.2/jsoniter-scala-macros_2.12-2.13.3.2.jar
2026.09.17 09:35:45 INFO  BSP server: Downloading https://repo1.maven.org/maven2/com/github/alexarchambault/case-app_2.12/2.0.6/case-app_2.12-2.0.6.jar
2026.09.17 09:35:45 INFO  BSP server: Downloaded https://repo1.maven.org/maven2/com/lihaoyi/pprint_2.12/0.9.6/pprint_2.12-0.9.6.jar
2026.09.17 09:35:45 INFO  BSP server: Downloading https://repo1.maven.org/maven2/org/scala-sbt/zinc-core_2.12/1.12.1/zinc-core_2.12-1.12.1.jar
2026.09.17 09:35:45 INFO  BSP server: Downloaded https://repo1.maven.org/maven2/org/typelevel/cats-core_2.12/2.1.1/cats-core_2.12-2.1.1.jar
2026.09.17 09:35:45 INFO  BSP server: Downloading https://repo1.maven.org/maven2/com/chuusai/shapeless_2.12/2.3.3/shapeless_2.12-2.3.3.jar
2026.09.17 09:35:45 INFO  BSP server: Downloaded https://repo1.maven.org/maven2/org/typelevel/cats-kernel_2.12/2.1.1/cats-kernel_2.12-2.1.1.jar
2026.09.17 09:35:45 INFO  BSP server: Downloading https://repo1.maven.org/maven2/org/scalameta/trees_2.12/4.17.3/trees_2.12-4.17.3.jar
2026.09.17 09:35:45 INFO  BSP server: Downloaded https://repo1.maven.org/maven2/io/monix/monix-eval_2.12/3.2.0/monix-eval_2.12-3.2.0.jar
2026.09.17 09:35:45 INFO  BSP server: Downloading https://repo1.maven.org/maven2/org/junit/platform/junit-platform-engine/6.0.3/junit-platform-engine-6.0.3.jar
2026.09.17 09:35:45 INFO  BSP server: Downloaded https://repo1.maven.org/maven2/com/github/alexarchambault/case-app_2.12/2.0.6/case-app_2.12-2.0.6.jar
2026.09.17 09:35:45 INFO  BSP server: Downloading https://repo1.maven.org/maven2/io/monix/monix_2.12/3.2.0/monix_2.12-3.2.0.jar
2026.09.17 09:35:45 INFO  BSP server: Downloaded https://repo1.maven.org/maven2/org/scala-sbt/zinc-core_2.12/1.12.1/zinc-core_2.12-1.12.1.jar
2026.09.17 09:35:45 INFO  BSP server: Downloading https://repo1.maven.org/maven2/com/outr/perfolation_2.12/1.2.8/perfolation_2.12-1.2.8.jar
2026.09.17 09:35:45 INFO  BSP server: Downloaded https://repo1.maven.org/maven2/org/junit/platform/junit-platform-engine/6.0.3/junit-platform-engine-6.0.3.jar
2026.09.17 09:35:45 INFO  BSP server: Downloading https://repo1.maven.org/maven2/org/jline/jline-terminal/3.27.1/jline-terminal-3.27.1.jar
2026.09.17 09:35:45 INFO  BSP server: Downloaded https://repo1.maven.org/maven2/io/monix/monix_2.12/3.2.0/monix_2.12-3.2.0.jar
2026.09.17 09:35:45 INFO  BSP server: Downloading https://repo1.maven.org/maven2/com/github/alexarchambault/case-app-util_2.12/2.0.6/case-app-util_2.12-2.0.6.jar
2026.09.17 09:35:45 INFO  BSP server: Downloaded https://repo1.maven.org/maven2/org/scalameta/trees_2.12/4.17.3/trees_2.12-4.17.3.jar
2026.09.17 09:35:45 INFO  BSP server: Downloading https://repo1.maven.org/maven2/ch/epfl/scala/scala-debug-adapter_2.12/4.2.13/scala-debug-adapter_2.12-4.2.13.jar
2026.09.17 09:35:45 INFO  BSP server: Downloaded https://repo1.maven.org/maven2/com/outr/perfolation_2.12/1.2.8/perfolation_2.12-1.2.8.jar
2026.09.17 09:35:45 INFO  BSP server: Downloading https://repo1.maven.org/maven2/org/scala-sbt/collections_2.12/1.12.13/collections_2.12-1.12.13.jar
2026.09.17 09:35:45 INFO  BSP server: Downloaded https://repo1.maven.org/maven2/org/jline/jline-terminal/3.27.1/jline-terminal-3.27.1.jar
2026.09.17 09:35:45 INFO  BSP server: Downloading https://repo1.maven.org/maven2/com/lihaoyi/unroll-annotation_2.12/0.1.12/unroll-annotation_2.12-0.1.12.jar
2026.09.17 09:35:45 INFO  BSP server: Downloaded https://repo1.maven.org/maven2/com/github/alexarchambault/case-app-util_2.12/2.0.6/case-app-util_2.12-2.0.6.jar
2026.09.17 09:35:45 INFO  BSP server: Downloading https://repo1.maven.org/maven2/com/github/alexarchambault/case-app-annotations_2.12/2.0.6/case-app-annotations_2.12-2.0.6.jar
2026.09.17 09:35:46 INFO  BSP server: Downloaded https://repo1.maven.org/maven2/org/scala-sbt/collections_2.12/1.12.13/collections_2.12-1.12.13.jar
2026.09.17 09:35:46 INFO  BSP server: Downloading https://repo1.maven.org/maven2/io/zipkin/brave/brave/5.18.1/brave-5.18.1.jar
2026.09.17 09:35:46 INFO  BSP server: Downloaded https://repo1.maven.org/maven2/ch/epfl/scala/scala-debug-adapter_2.12/4.2.13/scala-debug-adapter_2.12-4.2.13.jar
2026.09.17 09:35:46 INFO  BSP server: Downloading https://repo1.maven.org/maven2/org/scala-sbt/core-macros_2.12/1.12.13/core-macros_2.12-1.12.13.jar
2026.09.17 09:35:46 INFO  BSP server: Downloaded https://repo1.maven.org/maven2/com/github/alexarchambault/case-app-annotations_2.12/2.0.6/case-app-annotations_2.12-2.0.6.jar
2026.09.17 09:35:46 INFO  BSP server: Downloading https://repo1.maven.org/maven2/com/github/sbt/junit/jupiter-interface/0.19.0/jupiter-interface-0.19.0.jar
2026.09.17 09:35:46 INFO  BSP server: Downloaded https://repo1.maven.org/maven2/com/lihaoyi/unroll-annotation_2.12/0.1.12/unroll-annotation_2.12-0.1.12.jar
2026.09.17 09:35:46 INFO  BSP server: Downloading https://repo1.maven.org/maven2/org/scala-sbt/zinc-classpath_2.12/1.12.1/zinc-classpath_2.12-1.12.1.jar
2026.09.17 09:35:46 INFO  BSP server: Downloaded https://repo1.maven.org/maven2/com/chuusai/shapeless_2.12/2.3.3/shapeless_2.12-2.3.3.jar
2026.09.17 09:35:46 INFO  BSP server: Downloading https://repo1.maven.org/maven2/org/apiguardian/apiguardian-api/1.1.2/apiguardian-api-1.1.2.jar
2026.09.17 09:35:46 INFO  BSP server: Downloaded https://repo1.maven.org/maven2/io/zipkin/brave/brave/5.18.1/brave-5.18.1.jar
2026.09.17 09:35:46 INFO  BSP server: Downloading https://repo1.maven.org/maven2/ch/epfl/scala/directory-watcher/0.8.0+6-f651bd93/directory-watcher-0.8.0+6-f651bd93.jar
2026.09.17 09:35:46 INFO  BSP server: Downloaded https://repo1.maven.org/maven2/org/scala-sbt/core-macros_2.12/1.12.13/core-macros_2.12-1.12.13.jar
2026.09.17 09:35:46 INFO  BSP server: Downloading https://repo1.maven.org/maven2/ch/qos/logback/logback-classic/1.6.3/logback-classic-1.6.3.jar
2026.09.17 09:35:46 INFO  BSP server: Downloaded https://repo1.maven.org/maven2/org/apiguardian/apiguardian-api/1.1.2/apiguardian-api-1.1.2.jar
2026.09.17 09:35:46 INFO  BSP server: Downloading https://repo1.maven.org/maven2/com/outr/moduload_2.12/1.1.5/moduload_2.12-1.1.5.jar
2026.09.17 09:35:46 INFO  BSP server: Downloaded https://repo1.maven.org/maven2/com/github/sbt/junit/jupiter-interface/0.19.0/jupiter-interface-0.19.0.jar
2026.09.17 09:35:46 INFO  BSP server: Downloading https://repo1.maven.org/maven2/org/scala-sbt/librarymanagement-ivy_2.12/1.12.3/librarymanagement-ivy_2.12-1.12.3.jar
2026.09.17 09:35:46 INFO  BSP server: Downloaded https://repo1.maven.org/maven2/org/scala-sbt/zinc-classpath_2.12/1.12.1/zinc-classpath_2.12-1.12.1.jar
2026.09.17 09:35:46 INFO  BSP server: Downloading https://repo1.maven.org/maven2/io/get-coursier/interface/1.0.28/interface-1.0.28.jar
2026.09.17 09:35:46 INFO  BSP server: Downloaded https://repo1.maven.org/maven2/ch/epfl/scala/directory-watcher/0.8.0+6-f651bd93/directory-watcher-0.8.0+6-f651bd93.jar
2026.09.17 09:35:46 INFO  BSP server: Downloading https://repo1.maven.org/maven2/io/github/alexarchambault/bleep/nailgun-server/1.0.7/nailgun-server-1.0.7.jar
2026.09.17 09:35:46 INFO  BSP server: Downloaded https://repo1.maven.org/maven2/ch/qos/logback/logback-classic/1.6.3/logback-classic-1.6.3.jar
2026.09.17 09:35:46 INFO  BSP server: Downloading https://repo1.maven.org/maven2/org/junit/platform/junit-platform-commons/6.0.3/junit-platform-commons-6.0.3.jar
2026.09.17 09:35:46 INFO  BSP server: Downloaded https://repo1.maven.org/maven2/com/outr/moduload_2.12/1.1.5/moduload_2.12-1.1.5.jar
2026.09.17 09:35:46 INFO  BSP server: Downloading https://repo1.maven.org/maven2/org/scalaz/scalaz-core_2.12/7.3.9/scalaz-core_2.12-7.3.9.jar
2026.09.17 09:35:46 INFO  BSP server: Downloaded https://repo1.maven.org/maven2/org/scalameta/trees2_2.12/4.17.3/trees2_2.12-4.17.3.jar
2026.09.17 09:35:46 INFO  BSP server: Downloading https://repo1.maven.org/maven2/ch/epfl/scala/bloop-frontend_2.12/2.1.2/bloop-frontend_2.12-2.1.2.jar
2026.09.17 09:35:46 INFO  BSP server: Downloaded https://repo1.maven.org/maven2/org/scala-sbt/librarymanagement-ivy_2.12/1.12.3/librarymanagement-ivy_2.12-1.12.3.jar
2026.09.17 09:35:46 INFO  BSP server: Downloading https://repo1.maven.org/maven2/org/scala-sbt/util-logging_2.12/1.12.13/util-logging_2.12-1.12.13.jar
2026.09.17 09:35:46 INFO  BSP server: Downloaded https://repo1.maven.org/maven2/io/github/alexarchambault/bleep/nailgun-server/1.0.7/nailgun-server-1.0.7.jar
2026.09.17 09:35:46 INFO  BSP server: Downloading https://repo1.maven.org/maven2/ch/epfl/scala/bloop-shared_2.12/2.1.2/bloop-shared_2.12-2.1.2.jar
2026.09.17 09:35:46 INFO  BSP server: Downloaded https://repo1.maven.org/maven2/org/junit/platform/junit-platform-commons/6.0.3/junit-platform-commons-6.0.3.jar
2026.09.17 09:35:46 INFO  BSP server: Downloading https://repo1.maven.org/maven2/org/scala-sbt/compiler-bridge_2.12/1.12.1/compiler-bridge_2.12-1.12.1.jar
2026.09.17 09:35:46 INFO  BSP server: Downloaded https://repo1.maven.org/maven2/ch/epfl/scala/bloop-shared_2.12/2.1.2/bloop-shared_2.12-2.1.2.jar
2026.09.17 09:35:46 INFO  BSP server: Downloading https://repo1.maven.org/maven2/org/opentest4j/opentest4j/1.3.0/opentest4j-1.3.0.jar
2026.09.17 09:35:46 INFO  BSP server: Downloaded https://repo1.maven.org/maven2/org/scala-sbt/util-logging_2.12/1.12.13/util-logging_2.12-1.12.13.jar
2026.09.17 09:35:46 INFO  BSP server: Downloading https://repo1.maven.org/maven2/com/eed3si9n/shaded-apache-httpclient5/0.9.4/shaded-apache-httpclient5-0.9.4.jar
2026.09.17 09:35:46 INFO  BSP server: Downloaded https://repo1.maven.org/maven2/org/scala-sbt/compiler-bridge_2.12/1.12.1/compiler-bridge_2.12-1.12.1.jar
2026.09.17 09:35:46 INFO  BSP server: Downloading https://repo1.maven.org/maven2/org/junit/jupiter/junit-jupiter-api/6.0.3/junit-jupiter-api-6.0.3.jar
2026.09.17 09:35:46 INFO  BSP server: Downloaded https://repo1.maven.org/maven2/ch/epfl/scala/bloop-frontend_2.12/2.1.2/bloop-frontend_2.12-2.1.2.jar
2026.09.17 09:35:46 INFO  BSP server: Downloading https://repo1.maven.org/maven2/org/jline/jline-terminal-jni/3.27.1/jline-terminal-jni-3.27.1.jar
2026.09.17 09:35:46 INFO  BSP server: Downloaded https://repo1.maven.org/maven2/org/jline/jline-terminal-jni/3.27.1/jline-terminal-jni-3.27.1.jar
2026.09.17 09:35:46 INFO  BSP server: Downloading https://repo1.maven.org/maven2/io/monix/monix-java_2.12/3.2.0/monix-java_2.12-3.2.0.jar
2026.09.17 09:35:46 INFO  BSP server: Downloaded https://repo1.maven.org/maven2/org/junit/jupiter/junit-jupiter-api/6.0.3/junit-jupiter-api-6.0.3.jar
2026.09.17 09:35:46 INFO  BSP server: Downloading https://repo1.maven.org/maven2/io/monix/implicitbox_2.12/0.2.0/implicitbox_2.12-0.2.0.jar
2026.09.17 09:35:46 INFO  BSP server: Downloaded https://repo1.maven.org/maven2/io/monix/monix-java_2.12/3.2.0/monix-java_2.12-3.2.0.jar
2026.09.17 09:35:46 INFO  BSP server: Downloading https://repo1.maven.org/maven2/org/jline/jline-native/3.27.1/jline-native-3.27.1.jar
2026.09.17 09:35:46 INFO  BSP server: Downloaded https://repo1.maven.org/maven2/com/eed3si9n/shaded-apache-httpclient5/0.9.4/shaded-apache-httpclient5-0.9.4.jar
2026.09.17 09:35:46 INFO  BSP server: Downloading https://repo1.maven.org/maven2/io/monix/monix-reactive_2.12/3.2.0/monix-reactive_2.12-3.2.0.jar
2026.09.17 09:35:46 INFO  BSP server: Downloaded https://repo1.maven.org/maven2/io/monix/implicitbox_2.12/0.2.0/implicitbox_2.12-0.2.0.jar
2026.09.17 09:35:46 INFO  BSP server: Downloading https://repo1.maven.org/maven2/org/scala-sbt/compiler-interface/1.12.1/compiler-interface-1.12.1.jar
2026.09.17 09:35:46 INFO  BSP server: Downloaded https://repo1.maven.org/maven2/org/jline/jline-native/3.27.1/jline-native-3.27.1.jar
2026.09.17 09:35:46 INFO  BSP server: Downloading https://repo1.maven.org/maven2/io/monix/monix-catnap_2.12/3.2.0/monix-catnap_2.12-3.2.0.jar
2026.09.17 09:35:46 INFO  BSP server: Downloaded https://repo1.maven.org/maven2/org/scala-sbt/compiler-interface/1.12.1/compiler-interface-1.12.1.jar
2026.09.17 09:35:46 INFO  BSP server: Downloading https://repo1.maven.org/maven2/net/jpountz/lz4/lz4/1.3.0/lz4-1.3.0.jar
2026.09.17 09:35:46 INFO  BSP server: Downloaded https://repo1.maven.org/maven2/io/monix/monix-catnap_2.12/3.2.0/monix-catnap_2.12-3.2.0.jar
2026.09.17 09:35:46 INFO  BSP server: Downloading https://repo1.maven.org/maven2/io/github/alexarchambault/bleep/jsonrpc4s_2.12/0.1.1/jsonrpc4s_2.12-0.1.1.jar
2026.09.17 09:35:46 INFO  BSP server: Downloaded https://repo1.maven.org/maven2/io/monix/monix-reactive_2.12/3.2.0/monix-reactive_2.12-3.2.0.jar
2026.09.17 09:35:46 INFO  BSP server: Downloading https://repo1.maven.org/maven2/org/apache/logging/log4j/log4j-api/2.26.1/log4j-api-2.26.1.jar
2026.09.17 09:35:46 INFO  BSP server: Downloaded https://repo1.maven.org/maven2/net/jpountz/lz4/lz4/1.3.0/lz4-1.3.0.jar
2026.09.17 09:35:46 INFO  BSP server: Downloading https://repo1.maven.org/maven2/org/scala-sbt/util-relation_2.12/1.12.4/util-relation_2.12-1.12.4.jar
2026.09.17 09:35:46 INFO  BSP server: Downloaded https://repo1.maven.org/maven2/org/opentest4j/opentest4j/1.3.0/opentest4j-1.3.0.jar
2026.09.17 09:35:46 INFO  BSP server: Downloading https://repo1.maven.org/maven2/org/junit/platform/junit-platform-launcher/6.0.3/junit-platform-launcher-6.0.3.jar
2026.09.17 09:35:46 INFO  BSP server: Downloaded https://repo1.maven.org/maven2/org/apache/logging/log4j/log4j-api/2.26.1/log4j-api-2.26.1.jar
2026.09.17 09:35:46 INFO  BSP server: Downloading https://repo1.maven.org/maven2/org/typelevel/cats-effect_2.12/2.1.3/cats-effect_2.12-2.1.3.jar
2026.09.17 09:35:46 INFO  BSP server: Downloaded https://repo1.maven.org/maven2/org/scalaz/scalaz-core_2.12/7.3.9/scalaz-core_2.12-7.3.9.jar
2026.09.17 09:35:46 INFO  BSP server: Downloading https://repo1.maven.org/maven2/org/scalameta/parsers_2.12/4.17.3/parsers_2.12-4.17.3.jar
2026.09.17 09:35:46 INFO  BSP server: Downloaded https://repo1.maven.org/maven2/io/github/alexarchambault/bleep/jsonrpc4s_2.12/0.1.1/jsonrpc4s_2.12-0.1.1.jar
2026.09.17 09:35:46 INFO  BSP server: Downloading https://repo1.maven.org/maven2/org/scala-sbt/zinc-persist-core-assembly/1.12.1/zinc-persist-core-assembly-1.12.1.jar
2026.09.17 09:35:46 INFO  BSP server: Downloaded https://repo1.maven.org/maven2/org/scala-sbt/util-relation_2.12/1.12.4/util-relation_2.12-1.12.4.jar
2026.09.17 09:35:46 INFO  BSP server: Downloading https://repo1.maven.org/maven2/io/zipkin/zipkin2/zipkin/2.27.0/zipkin-2.27.0.jar
2026.09.17 09:35:46 INFO  BSP server: Downloaded https://repo1.maven.org/maven2/io/get-coursier/interface/1.0.28/interface-1.0.28.jar
2026.09.17 09:35:46 INFO  BSP server: Downloading https://repo1.maven.org/maven2/org/scala-sbt/launcher-interface/1.6.1/launcher-interface-1.6.1.jar
2026.09.17 09:35:46 INFO  BSP server: Downloaded https://repo1.maven.org/maven2/org/junit/platform/junit-platform-launcher/6.0.3/junit-platform-launcher-6.0.3.jar
2026.09.17 09:35:46 INFO  BSP server: Downloading https://repo1.maven.org/maven2/org/scala-sbt/zinc-classfile_2.12/1.12.1/zinc-classfile_2.12-1.12.1.jar
2026.09.17 09:35:46 INFO  BSP server: Downloaded https://repo1.maven.org/maven2/io/zipkin/zipkin2/zipkin/2.27.0/zipkin-2.27.0.jar
2026.09.17 09:35:46 INFO  BSP server: Downloading https://repo1.maven.org/maven2/ch/epfl/scala/bsp4s_2.12/2.1.1/bsp4s_2.12-2.1.1.jar
2026.09.17 09:35:46 INFO  BSP server: Downloaded https://repo1.maven.org/maven2/org/scalameta/parsers_2.12/4.17.3/parsers_2.12-4.17.3.jar
2026.09.17 09:35:46 INFO  BSP server: Downloading https://repo1.maven.org/maven2/org/apache/logging/log4j/log4j-core/2.26.1/log4j-core-2.26.1.jar
2026.09.17 09:35:46 INFO  BSP server: Downloaded https://repo1.maven.org/maven2/org/scala-sbt/launcher-interface/1.6.1/launcher-interface-1.6.1.jar
2026.09.17 09:35:46 INFO  BSP server: Downloading https://repo1.maven.org/maven2/net/java/dev/jna/jna-platform/4.4.0/jna-platform-4.4.0.jar
2026.09.17 09:35:46 INFO  BSP server: Downloaded https://repo1.maven.org/maven2/org/typelevel/cats-effect_2.12/2.1.3/cats-effect_2.12-2.1.3.jar
2026.09.17 09:35:46 INFO  BSP server: Downloading https://repo1.maven.org/maven2/org/scala-sbt/zinc-compile-core_2.12/1.12.1/zinc-compile-core_2.12-1.12.1.jar
2026.09.17 09:35:46 INFO  BSP server: Downloaded https://repo1.maven.org/maven2/org/scala-sbt/zinc-classfile_2.12/1.12.1/zinc-classfile_2.12-1.12.1.jar
2026.09.17 09:35:46 INFO  BSP server: Downloading https://repo1.maven.org/maven2/com/eed3si9n/gigahorse-apache-http_2.12/0.9.4/gigahorse-apache-http_2.12-0.9.4.jar
2026.09.17 09:35:46 INFO  BSP server: Downloaded https://repo1.maven.org/maven2/com/eed3si9n/gigahorse-apache-http_2.12/0.9.4/gigahorse-apache-http_2.12-0.9.4.jar
2026.09.17 09:35:46 INFO  BSP server: Downloading https://repo1.maven.org/maven2/io/zipkin/reporter2/zipkin-sender-urlconnection/2.17.2/zipkin-sender-urlconnection-2.17.2.jar
2026.09.17 09:35:46 INFO  BSP server: Downloaded https://repo1.maven.org/maven2/org/scala-sbt/zinc-compile-core_2.12/1.12.1/zinc-compile-core_2.12-1.12.1.jar
2026.09.17 09:35:46 INFO  BSP server: Downloading https://repo1.maven.org/maven2/io/monix/monix-execution_2.12/3.2.0/monix-execution_2.12-3.2.0.jar
2026.09.17 09:35:46 INFO  BSP server: Downloaded https://repo1.maven.org/maven2/ch/epfl/scala/bsp4s_2.12/2.1.1/bsp4s_2.12-2.1.1.jar
2026.09.17 09:35:46 INFO  BSP server: Downloading https://repo1.maven.org/maven2/com/github/mwiede/jsch/2.27.5/jsch-2.27.5.jar
2026.09.17 09:35:46 INFO  BSP server: Downloaded https://repo1.maven.org/maven2/io/zipkin/reporter2/zipkin-sender-urlconnection/2.17.2/zipkin-sender-urlconnection-2.17.2.jar
2026.09.17 09:35:46 INFO  BSP server: Downloading https://repo1.maven.org/maven2/org/scalameta/io_2.12/4.17.3/io_2.12-4.17.3.jar
2026.09.17 09:35:46 INFO  BSP server: Downloaded https://repo1.maven.org/maven2/net/java/dev/jna/jna-platform/4.4.0/jna-platform-4.4.0.jar
2026.09.17 09:35:46 INFO  BSP server: Downloaded https://repo1.maven.org/maven2/com/github/mwiede/jsch/2.27.5/jsch-2.27.5.jar
2026.09.17 09:35:46 INFO  BSP server: Downloaded https://repo1.maven.org/maven2/org/scalameta/io_2.12/4.17.3/io_2.12-4.17.3.jar
2026.09.17 09:35:46 INFO  BSP server: Downloaded https://repo1.maven.org/maven2/org/apache/logging/log4j/log4j-core/2.26.1/log4j-core-2.26.1.jar
2026.09.17 09:35:46 INFO  BSP server: Downloaded https://repo1.maven.org/maven2/io/monix/monix-execution_2.12/3.2.0/monix-execution_2.12-3.2.0.jar
2026.09.17 09:35:46 INFO  BSP server: Downloaded https://repo1.maven.org/maven2/org/scala-sbt/zinc-persist-core-assembly/1.12.1/zinc-persist-core-assembly-1.12.1.jar
2026.09.17 09:35:46 INFO  BSP server: Starting compilation server
2026.09.17 09:35:48 INFO  BSP server: Downloading https://repo.scala-lang.org/artifactory/maven-nightlies/org/scala-lang/scala3-sbt-bridge/3.9.0/scala3-sbt-bridge-3.9.0.pom
2026.09.17 09:35:48 INFO  BSP server: Failed to download https://repo.scala-lang.org/artifactory/maven-nightlies/org/scala-lang/scala3-sbt-bridge/3.9.0/scala3-sbt-bridge-3.9.0.pom
2026.09.17 09:35:48 INFO  BSP server: Downloading https://repo.scala-lang.org/artifactory/maven-nightlies/org/scala-lang/scala3-sbt-bridge/3.9.0/scala3-sbt-bridge-3.9.0.pom.sha1
2026.09.17 09:35:48 INFO  BSP server: Failed to download https://repo.scala-lang.org/artifactory/maven-nightlies/org/scala-lang/scala3-sbt-bridge/3.9.0/scala3-sbt-bridge-3.9.0.pom.sha1
2026.09.17 09:35:48 INFO  BSP server: Downloading https://repo1.maven.org/maven2/org/scala-lang/scala3-sbt-bridge/3.9.0/scala3-sbt-bridge-3.9.0.pom
2026.09.17 09:35:48 INFO  BSP server: Downloaded https://repo1.maven.org/maven2/org/scala-lang/scala3-sbt-bridge/3.9.0/scala3-sbt-bridge-3.9.0.pom
2026.09.17 09:35:48 INFO  BSP server: Downloading https://repo.scala-lang.org/artifactory/maven-nightlies/org/scala-lang/scala3-repl_3/3.9.0/scala3-repl_3-3.9.0.pom
2026.09.17 09:35:48 INFO  BSP server: Failed to download https://repo.scala-lang.org/artifactory/maven-nightlies/org/scala-lang/scala3-repl_3/3.9.0/scala3-repl_3-3.9.0.pom
2026.09.17 09:35:48 INFO  BSP server: Downloading https://repo.scala-lang.org/artifactory/maven-nightlies/org/scala-lang/scala3-repl_3/3.9.0/scala3-repl_3-3.9.0.pom.sha1
2026.09.17 09:35:48 INFO  BSP server: Failed to download https://repo.scala-lang.org/artifactory/maven-nightlies/org/scala-lang/scala3-repl_3/3.9.0/scala3-repl_3-3.9.0.pom.sha1
2026.09.17 09:35:48 INFO  BSP server: Downloading https://repo1.maven.org/maven2/org/scala-lang/scala3-repl_3/3.9.0/scala3-repl_3-3.9.0.pom
2026.09.17 09:35:49 INFO  BSP server: Downloaded https://repo1.maven.org/maven2/org/scala-lang/scala3-repl_3/3.9.0/scala3-repl_3-3.9.0.pom
2026.09.17 09:35:49 INFO  BSP server: Downloading https://repo.scala-lang.org/artifactory/maven-nightlies/org/jline/jline-terminal-jni/4.0.14/jline-terminal-jni-4.0.14.pom
2026.09.17 09:35:49 INFO  BSP server: Downloading https://repo.scala-lang.org/artifactory/maven-nightlies/org/scala-lang/scala3-directives-parser_3/3.9.0/scala3-directives-parser_3-3.9.0.pom
2026.09.17 09:35:49 INFO  BSP server: Downloading https://repo.scala-lang.org/artifactory/maven-nightlies/org/jline/jline-reader/4.0.14/jline-reader-4.0.14.pom
2026.09.17 09:35:49 INFO  BSP server: Downloading https://repo.scala-lang.org/artifactory/maven-nightlies/io/get-coursier/interface/1.0.29-M4/interface-1.0.29-M4.pom
2026.09.17 09:35:49 INFO  BSP server: Downloading https://repo.scala-lang.org/artifactory/maven-nightlies/org/jline/jline-terminal/4.0.14/jline-terminal-4.0.14.pom
2026.09.17 09:35:49 INFO  BSP server: Failed to download https://repo.scala-lang.org/artifactory/maven-nightlies/org/jline/jline-terminal-jni/4.0.14/jline-terminal-jni-4.0.14.pom
2026.09.17 09:35:49 INFO  BSP server: Downloading https://repo.scala-lang.org/artifactory/maven-nightlies/org/jline/jline-terminal-jni/4.0.14/jline-terminal-jni-4.0.14.pom.sha1
2026.09.17 09:35:49 INFO  BSP server: Failed to download https://repo.scala-lang.org/artifactory/maven-nightlies/org/jline/jline-terminal-jni/4.0.14/jline-terminal-jni-4.0.14.pom.sha1
2026.09.17 09:35:49 INFO  BSP server: Downloading https://repo1.maven.org/maven2/org/jline/jline-terminal-jni/4.0.14/jline-terminal-jni-4.0.14.pom
2026.09.17 09:35:49 INFO  BSP server: Downloaded https://repo1.maven.org/maven2/org/jline/jline-terminal-jni/4.0.14/jline-terminal-jni-4.0.14.pom
2026.09.17 09:35:49 INFO  BSP server: Failed to download https://repo.scala-lang.org/artifactory/maven-nightlies/org/scala-lang/scala3-directives-parser_3/3.9.0/scala3-directives-parser_3-3.9.0.pom
2026.09.17 09:35:49 INFO  BSP server: Downloading https://repo.scala-lang.org/artifactory/maven-nightlies/org/scala-lang/scala3-directives-parser_3/3.9.0/scala3-directives-parser_3-3.9.0.pom.sha1
2026.09.17 09:35:49 INFO  BSP server: Failed to download https://repo.scala-lang.org/artifactory/maven-nightlies/io/get-coursier/interface/1.0.29-M4/interface-1.0.29-M4.pom
2026.09.17 09:35:49 INFO  BSP server: Downloading https://repo.scala-lang.org/artifactory/maven-nightlies/io/get-coursier/interface/1.0.29-M4/interface-1.0.29-M4.pom.sha1
2026.09.17 09:35:49 INFO  BSP server: Failed to download https://repo.scala-lang.org/artifactory/maven-nightlies/org/jline/jline-terminal/4.0.14/jline-terminal-4.0.14.pom
2026.09.17 09:35:49 INFO  BSP server: Downloading https://repo.scala-lang.org/artifactory/maven-nightlies/org/jline/jline-terminal/4.0.14/jline-terminal-4.0.14.pom.sha1
2026.09.17 09:35:49 INFO  BSP server: Failed to download https://repo.scala-lang.org/artifactory/maven-nightlies/org/scala-lang/scala3-directives-parser_3/3.9.0/scala3-directives-parser_3-3.9.0.pom.sha1
2026.09.17 09:35:49 INFO  BSP server: Downloading https://repo1.maven.org/maven2/org/scala-lang/scala3-directives-parser_3/3.9.0/scala3-directives-parser_3-3.9.0.pom
2026.09.17 09:35:49 INFO  BSP server: Failed to download https://repo.scala-lang.org/artifactory/maven-nightlies/org/jline/jline-reader/4.0.14/jline-reader-4.0.14.pom
2026.09.17 09:35:49 INFO  BSP server: Downloading https://repo.scala-lang.org/artifactory/maven-nightlies/org/jline/jline-reader/4.0.14/jline-reader-4.0.14.pom.sha1
2026.09.17 09:35:49 INFO  BSP server: Downloaded https://repo1.maven.org/maven2/org/scala-lang/scala3-directives-parser_3/3.9.0/scala3-directives-parser_3-3.9.0.pom
2026.09.17 09:35:49 INFO  BSP server: Failed to download https://repo.scala-lang.org/artifactory/maven-nightlies/io/get-coursier/interface/1.0.29-M4/interface-1.0.29-M4.pom.sha1
2026.09.17 09:35:49 INFO  BSP server: Downloading https://repo1.maven.org/maven2/io/get-coursier/interface/1.0.29-M4/interface-1.0.29-M4.pom
2026.09.17 09:35:49 INFO  BSP server: Failed to download https://repo.scala-lang.org/artifactory/maven-nightlies/org/jline/jline-terminal/4.0.14/jline-terminal-4.0.14.pom.sha1
2026.09.17 09:35:49 INFO  BSP server: Downloading https://repo1.maven.org/maven2/org/jline/jline-terminal/4.0.14/jline-terminal-4.0.14.pom
2026.09.17 09:35:49 INFO  BSP server: Failed to download https://repo.scala-lang.org/artifactory/maven-nightlies/org/jline/jline-reader/4.0.14/jline-reader-4.0.14.pom.sha1
2026.09.17 09:35:49 INFO  BSP server: Downloading https://repo1.maven.org/maven2/org/jline/jline-reader/4.0.14/jline-reader-4.0.14.pom
2026.09.17 09:35:49 INFO  BSP server: Downloaded https://repo1.maven.org/maven2/io/get-coursier/interface/1.0.29-M4/interface-1.0.29-M4.pom
2026.09.17 09:35:49 INFO  BSP server: Downloaded https://repo1.maven.org/maven2/org/jline/jline-terminal/4.0.14/jline-terminal-4.0.14.pom
2026.09.17 09:35:49 INFO  BSP server: Downloaded https://repo1.maven.org/maven2/org/jline/jline-reader/4.0.14/jline-reader-4.0.14.pom
2026.09.17 09:35:49 INFO  BSP server: Downloading https://repo.scala-lang.org/artifactory/maven-nightlies/org/jline/jline-parent/4.0.14/jline-parent-4.0.14.pom
2026.09.17 09:35:49 INFO  BSP server: Failed to download https://repo.scala-lang.org/artifactory/maven-nightlies/org/jline/jline-parent/4.0.14/jline-parent-4.0.14.pom
2026.09.17 09:35:49 INFO  BSP server: Downloading https://repo.scala-lang.org/artifactory/maven-nightlies/org/jline/jline-parent/4.0.14/jline-parent-4.0.14.pom.sha1
2026.09.17 09:35:50 INFO  BSP server: Failed to download https://repo.scala-lang.org/artifactory/maven-nightlies/org/jline/jline-parent/4.0.14/jline-parent-4.0.14.pom.sha1
2026.09.17 09:35:50 INFO  BSP server: Downloading https://repo1.maven.org/maven2/org/jline/jline-parent/4.0.14/jline-parent-4.0.14.pom
2026.09.17 09:35:50 INFO  BSP server: Downloaded https://repo1.maven.org/maven2/org/jline/jline-parent/4.0.14/jline-parent-4.0.14.pom
2026.09.17 09:35:50 INFO  BSP server: Downloading https://repo.scala-lang.org/artifactory/maven-nightlies/org/jline/jline-native/4.0.14/jline-native-4.0.14.pom
2026.09.17 09:35:50 INFO  BSP server: Failed to download https://repo.scala-lang.org/artifactory/maven-nightlies/org/jline/jline-native/4.0.14/jline-native-4.0.14.pom
2026.09.17 09:35:50 INFO  BSP server: Downloading https://repo.scala-lang.org/artifactory/maven-nightlies/org/jline/jline-native/4.0.14/jline-native-4.0.14.pom.sha1
2026.09.17 09:35:50 INFO  BSP server: Failed to download https://repo.scala-lang.org/artifactory/maven-nightlies/org/jline/jline-native/4.0.14/jline-native-4.0.14.pom.sha1
2026.09.17 09:35:50 INFO  BSP server: Downloading https://repo1.maven.org/maven2/org/jline/jline-native/4.0.14/jline-native-4.0.14.pom
2026.09.17 09:35:50 INFO  BSP server: Downloaded https://repo1.maven.org/maven2/org/jline/jline-native/4.0.14/jline-native-4.0.14.pom
2026.09.17 09:35:50 INFO  BSP server: Downloading https://repo1.maven.org/maven2/org/jline/jline-terminal-jni/4.0.14/jline-terminal-jni-4.0.14.jar
2026.09.17 09:35:50 INFO  BSP server: Downloading https://repo1.maven.org/maven2/org/scala-lang/scala3-sbt-bridge/3.9.0/scala3-sbt-bridge-3.9.0.jar
2026.09.17 09:35:50 INFO  BSP server: Downloading https://repo1.maven.org/maven2/io/get-coursier/interface/1.0.29-M4/interface-1.0.29-M4.jar
2026.09.17 09:35:50 INFO  BSP server: Downloading https://repo1.maven.org/maven2/org/scala-lang/scala3-repl_3/3.9.0/scala3-repl_3-3.9.0.jar
2026.09.17 09:35:50 INFO  BSP server: Downloading https://repo1.maven.org/maven2/org/scala-lang/scala3-directives-parser_3/3.9.0/scala3-directives-parser_3-3.9.0.jar
2026.09.17 09:35:50 INFO  BSP server: Downloading https://repo1.maven.org/maven2/org/jline/jline-native/4.0.14/jline-native-4.0.14.jar
2026.09.17 09:35:50 INFO  BSP server: Downloaded https://repo1.maven.org/maven2/org/jline/jline-terminal-jni/4.0.14/jline-terminal-jni-4.0.14.jar
2026.09.17 09:35:50 INFO  BSP server: Downloading https://repo1.maven.org/maven2/org/jline/jline-terminal/4.0.14/jline-terminal-4.0.14.jar
2026.09.17 09:35:50 INFO  BSP server: Downloaded https://repo1.maven.org/maven2/org/scala-lang/scala3-sbt-bridge/3.9.0/scala3-sbt-bridge-3.9.0.jar
2026.09.17 09:35:50 INFO  BSP server: Downloading https://repo1.maven.org/maven2/org/jline/jline-reader/4.0.14/jline-reader-4.0.14.jar
2026.09.17 09:35:50 INFO  BSP server: Downloaded https://repo1.maven.org/maven2/org/scala-lang/scala3-directives-parser_3/3.9.0/scala3-directives-parser_3-3.9.0.jar
2026.09.17 09:35:50 INFO  BSP server: Downloaded https://repo1.maven.org/maven2/org/scala-lang/scala3-repl_3/3.9.0/scala3-repl_3-3.9.0.jar
2026.09.17 09:35:50 INFO  BSP server: Downloaded https://repo1.maven.org/maven2/org/jline/jline-native/4.0.14/jline-native-4.0.14.jar
2026.09.17 09:35:50 INFO  BSP server: Downloaded https://repo1.maven.org/maven2/org/jline/jline-reader/4.0.14/jline-reader-4.0.14.jar
2026.09.17 09:35:50 INFO  BSP server: Downloaded https://repo1.maven.org/maven2/org/jline/jline-terminal/4.0.14/jline-terminal-4.0.14.jar
2026.09.17 09:35:50 INFO  BSP server: Downloaded https://repo1.maven.org/maven2/io/get-coursier/interface/1.0.29-M4/interface-1.0.29-M4.jar
2026.09.17 09:35:50 INFO  BSP server: Downloading https://repo1.maven.org/maven2/org/scala-lang/scala3-library_3/3.9.0/scala3-library_3-3.9.0-sources.jar
2026.09.17 09:35:50 INFO  BSP server: Downloading https://repo1.maven.org/maven2/org/scala-lang/scala-library/3.9.0/scala-library-3.9.0-sources.jar
2026.09.17 09:35:50 INFO  BSP server: Downloaded https://repo1.maven.org/maven2/org/scala-lang/scala3-library_3/3.9.0/scala3-library_3-3.9.0-sources.jar
2026.09.17 09:35:50 INFO  BSP server: Downloaded https://repo1.maven.org/maven2/org/scala-lang/scala-library/3.9.0/scala-library-3.9.0-sources.jar
2026.09.17 09:35:51 INFO  time: Connected to build server in 9.29s
2026.09.17 09:35:51 INFO  Connected to Build server: scala-cli v1.17.0
2026.09.17 09:35:51 INFO  time: Imported build in 0.18s
2026.09.17 09:35:52 INFO  compiling scala-vscode_ab04d445da (1 scala source)
2026.09.17 09:35:55 WARN  Using H2 2.5.250 which is newer than the version Flyway has been verified with. The latest verified version of H2 is 2.3.232.
2026.09.17 09:35:56 WARN  there was 1 deprecation warning; re-run with -deprecation for details
2026.09.17 09:35:56 INFO  time: compiled scala-vscode_ab04d445da in 3.84s
2026.09.17 09:36:03 INFO  time: indexed workspace in 11s
sept 17, 2026 9:36:03 A. M. org.eclipse.lsp4j.jsonrpc.services.GenericEndpoint notify
INFORMACIÓN: Unsupported notification method: $/setTrace
sept 17, 2026 9:36:05 A. M. org.eclipse.lsp4j.jsonrpc.services.GenericEndpoint notify
INFORMACIÓN: Unsupported notification method: $/setTrace
2026.09.17 09:36:43 INFO  no build target found for C:\Users\AlumnoM_AI\Desktop\practica-scala\parte1\vscode\scala-vscode\src\main\scala\build.sbt. Using presentation compiler with project's scala-library version: 3.9.0
2026.09.17 09:36:43 WARN  no build target for: C:\Users\AlumnoM_AI\Desktop\practica-scala\parte1\vscode\scala-vscode\src\main\scala\build.sbt
2026.09.17 09:36:43 INFO  no build target found for C:\Users\AlumnoM_AI\Desktop\practica-scala\parte1\vscode\scala-vscode\src\main\scala\build.sbt. Using presentation compiler with project's scala-library version: 3.9.0
2026.09.17 09:36:43 INFO  no build target found for C:\Users\AlumnoM_AI\Desktop\practica-scala\parte1\vscode\scala-vscode\src\main\scala\build.sbt. Using presentation compiler with project's scala-library version: 3.9.0
2026.09.17 09:36:43 INFO  no build target found for C:\Users\AlumnoM_AI\Desktop\practica-scala\parte1\vscode\scala-vscode\src\main\scala\build.sbt. Using presentation compiler with project's scala-library version: 3.9.0
2026.09.17 09:36:43 WARN  Could not find semantic tokens for: file:///C:/Users/AlumnoM_AI/Desktop/practica-scala/parte1/vscode/scala-vscode/src/main/scala/build.sbt
2026.09.17 09:36:44 INFO  no build target found for C:\Users\AlumnoM_AI\Desktop\practica-scala\parte1\vscode\scala-vscode\src\main\scala\build.sbt. Using presentation compiler with project's scala-library version: 3.9.0
2026.09.17 09:36:44 WARN  Could not find semantic tokens for: file:///C:/Users/AlumnoM_AI/Desktop/practica-scala/parte1/vscode/scala-vscode/src/main/scala/build.sbt
2026.09.17 09:36:46 INFO  no build target found for C:\Users\AlumnoM_AI\Desktop\practica-scala\parte1\vscode\scala-vscode\src\main\scala\build.sbt. Using presentation compiler with project's scala-library version: 3.9.0
2026.09.17 09:37:33 INFO  no build target found for C:\Users\AlumnoM_AI\Desktop\practica-scala\parte1\vscode\scala-vscode\src\main\scala\build.sbt. Using presentation compiler with project's scala-library version: 3.9.0
2026.09.17 09:40:26 INFO  Shutting down server
2026.09.17 09:40:26 INFO  Memory monitor stopped
2026.09.17 09:40:26 INFO  shutting down Metals
2026.09.17 09:40:26 INFO  Shut down connection with build server.
2026.09.17 09:40:26 INFO  BSP server: Sep 17, 2026 9:40:26 AM org.eclipse.lsp4j.jsonrpc.RemoteEndpoint handleNotification
2026.09.17 09:40:26 INFO  Exiting server
2026.09.17 10:28:11 INFO  Started: Metals version 1.6.9 in folders 'C:\Users\AlumnoM_AI\Documents\GitHub\practica-scala\parte1\vscode\scala-vscode' for client Visual Studio Code 1.138.0.
2026.09.17 10:28:11 INFO  Memory monitor started
2026.09.17 10:28:11 WARN  Using H2 2.5.250 which is newer than the version Flyway has been verified with. The latest verified version of H2 is 2.3.232.
2026.09.17 10:28:11 INFO  no build target found for C:\Users\AlumnoM_AI\Documents\GitHub\practica-scala\parte1\vscode\scala-vscode\src\main\scala\Main.scala. Using presentation compiler with project's scala-library version: 3.3.8
2026.09.17 10:28:13 INFO  no build target found for C:\Users\AlumnoM_AI\Documents\GitHub\practica-scala\parte1\vscode\scala-vscode\src\main\scala\Main.scala. Using presentation compiler with project's scala-library version: 3.3.8
2026.09.17 10:28:13 INFO  Attempting to connect to the build server...
2026.09.17 10:28:13 INFO  Running BSP server List(C:\Users\AlumnoM_AI\AppData\Local\Coursier\data\bin\.scala-cli.aux.exe, bsp, --json-options, C:\Users\AlumnoM_AI\Desktop\practica-scala\parte1\vscode\scala-vscode\.scala-build\ide-options-v2.json, --json-launcher-options, C:\Users\AlumnoM_AI\Desktop\practica-scala\parte1\vscode\scala-vscode\.scala-build\ide-launcher-options.json, --envs-file, C:\Users\AlumnoM_AI\Desktop\practica-scala\parte1\vscode\scala-vscode\.scala-build\ide-envs.json, C:\Users\AlumnoM_AI\Desktop\practica-scala\parte1\vscode\scala-vscode)
2026.09.17 10:28:13 INFO  Tracing is disabled for protocol BSP. To enable tracing of incoming and outgoing JSON messages, create an empty file at C:\Users\AlumnoM_AI\Documents\GitHub\practica-scala\parte1\vscode\scala-vscode\.metals\bsp.trace.json or C:\Users\AlumnoM_AI\AppData\Local\scalameta\metals\cache\bsp.trace.json
2026.09.17 10:28:13 INFO  BSP server: [error]  C:\Users\AlumnoM_AI\Desktop\practica-scala\parte1\vscode\scala-vscode: input file not found
2026.09.17 10:28:13 INFO  BSP server: Try viewing the relevant help to see the list of available sub-commands and options.
2026.09.17 10:28:13 INFO  BSP server:   C:\Users\AlumnoM_AI\AppData\Local\Coursier\data\bin\.scala-cli.aux.exe bsp --help
2026.09.17 10:28:33 INFO  Shutting down server
2026.09.17 10:28:33 INFO  Memory monitor stopped
2026.09.17 10:28:33 INFO  shutting down Metals
2026.09.17 10:28:33 INFO  Exiting server
